# 1: SEGMENTATION ID
# 2: SED FILE
1 /home/bajoshi/Documents/roman_slitless_sims_seds/bc03_template_z0p626_ms10p56_age5p435_tau14p960_met0p0200_av2p461.txt
2 /home/bajoshi/Documents/roman_slitless_sims_seds/bc03_template_z0p103_ms10p17_age6p405_tau7p635_met0p0200_av4p549.txt
3 /home/bajoshi/Documents/roman_slitless_sims_seds/bc03_template_z0p278_ms10p33_age0p530_tau3p515_met0p0200_av0p278.txt
4 /home/bajoshi/Documents/roman_slitless_sims_seds/bc03_template_z0p253_ms10p12_age1p110_tau3p015_met0p0200_av2p228.txt
5 /home/bajoshi/Documents/roman_slitless_sims_seds/bc03_template_z0p890_ms10p95_age1p360_tau9p080_met0p0200_av2p037.txt
7 /home/bajoshi/Documents/roman_slitless_sims_seds/bc03_template_z0p215_ms10p11_age4p645_tau0p900_met0p0200_av1p490.txt
8 /home/bajoshi/Documents/roman_slitless_sims_seds/bc03_template_z1p156_ms11p14_age2p990_tau8p265_met0p0200_av2p448.txt
9 /home/bajoshi/Documents/roman_slitless_sims_seds/bc03_template_z0p427_ms10p23_age3p600_tau0p435_met0p0200_av3p975.txt
10 /home/bajoshi/Documents/roman_slitless_sims_seds/bc03_template_z1p037_ms11p27_age0p975_tau14p235_met0p0200_av0p250.txt
11 /home/bajoshi/Documents/roman_slitless_sims_seds/bc03_template_z1p016_ms10p06_age1p080_tau0p460_met0p0200_av2p933.txt
12 /home/bajoshi/Documents/roman_slitless_sims_seds/bc03_template_z1p230_ms11p38_age0p590_tau12p645_met0p0200_av3p772.txt
13 /home/bajoshi/Documents/roman_slitless_sims_seds/bc03_template_z0p693_ms11p08_age4p770_tau6p770_met0p0200_av4p977.txt
14 /home/bajoshi/Documents/roman_slitless_sims_seds/bc03_template_z0p762_ms10p44_age3p465_tau14p695_met0p0200_av0p806.txt
15 /home/bajoshi/Documents/roman_slitless_sims_seds/bc03_template_z0p642_ms11p29_age6p065_tau14p930_met0p0200_av1p554.txt
16 /home/bajoshi/Documents/roman_slitless_sims_seds/bc03_template_z0p440_ms10p98_age6p495_tau12p915_met0p0200_av4p784.txt
17 /home/bajoshi/Documents/roman_slitless_sims_seds/bc03_template_z2p320_ms10p30_age0p480_tau1p580_met0p0200_av3p522.txt
18 /home/bajoshi/Documents/roman_slitless_sims_seds/bc03_template_z0p990_ms10p50_age1p370_tau14p800_met0p0200_av1p381.txt
19 /home/bajoshi/Documents/roman_slitless_sims_seds/bc03_template_z0p616_ms11p08_age1p070_tau12p050_met0p0200_av1p577.txt
20 /home/bajoshi/Documents/roman_slitless_sims_seds/bc03_template_z0p387_ms10p00_age2p105_tau10p630_met0p0200_av0p246.txt
21 /home/bajoshi/Documents/roman_slitless_sims_seds/bc03_template_z1p094_ms10p58_age3p250_tau0p990_met0p0200_av1p691.txt
22 /home/bajoshi/Documents/roman_slitless_sims_seds/bc03_template_z1p582_ms11p41_age3p565_tau6p765_met0p0200_av2p176.txt
23 /home/bajoshi/Documents/roman_slitless_sims_seds/bc03_template_z0p706_ms11p08_age5p695_tau10p735_met0p0200_av2p997.txt
24 /home/bajoshi/Documents/roman_slitless_sims_seds/bc03_template_z0p475_ms10p73_age0p505_tau3p720_met0p0200_av0p537.txt
25 /home/bajoshi/Documents/roman_slitless_sims_seds/bc03_template_z0p433_ms11p14_age7p130_tau10p950_met0p0200_av0p487.txt
26 /home/bajoshi/Documents/roman_slitless_sims_seds/bc03_template_z0p557_ms10p64_age4p375_tau8p960_met0p0200_av3p669.txt
27 /home/bajoshi/Documents/roman_slitless_sims_seds/bc03_template_z0p731_ms11p05_age4p125_tau2p285_met0p0200_av1p216.txt
28 /home/bajoshi/Documents/roman_slitless_sims_seds/bc03_template_z1p036_ms10p38_age1p210_tau14p140_met0p0200_av2p608.txt
29 /home/bajoshi/Documents/roman_slitless_sims_seds/bc03_template_z0p789_ms11p12_age4p190_tau7p180_met0p0200_av1p816.txt
30 /home/bajoshi/Documents/roman_slitless_sims_seds/bc03_template_z0p642_ms11p32_age6p615_tau8p920_met0p0200_av2p520.txt
31 /home/bajoshi/Documents/roman_slitless_sims_seds/bc03_template_z0p433_ms10p56_age4p815_tau6p770_met0p0200_av0p176.txt
32 /home/bajoshi/Documents/roman_slitless_sims_seds/bc03_template_z0p940_ms11p08_age5p635_tau1p960_met0p0200_av3p294.txt
33 /home/bajoshi/Documents/roman_slitless_sims_seds/bc03_template_z0p603_ms10p33_age4p725_tau4p265_met0p0200_av0p561.txt
34 /home/bajoshi/Documents/roman_slitless_sims_seds/bc03_template_z1p141_ms10p56_age2p410_tau4p635_met0p0200_av0p311.txt
35 /home/bajoshi/Documents/roman_slitless_sims_seds/bc03_template_z1p101_ms10p11_age2p420_tau7p170_met0p0200_av0p663.txt
36 /home/bajoshi/Documents/roman_slitless_sims_seds/bc03_template_z0p742_ms11p45_age5p990_tau14p975_met0p0200_av3p094.txt
37 /home/bajoshi/Documents/roman_slitless_sims_seds/bc03_template_z0p835_ms11p09_age4p960_tau1p705_met0p0200_av0p121.txt
38 /home/bajoshi/Documents/roman_slitless_sims_seds/bc03_template_z0p561_ms10p21_age1p645_tau2p720_met0p0200_av3p408.txt
39 /home/bajoshi/Documents/roman_slitless_sims_seds/bc03_template_z0p627_ms11p33_age2p765_tau9p000_met0p0200_av2p675.txt
40 /home/bajoshi/Documents/roman_slitless_sims_seds/bc03_template_z0p698_ms10p27_age2p170_tau0p635_met0p0200_av1p536.txt
41 /home/bajoshi/Documents/roman_slitless_sims_seds/bc03_template_z0p841_ms10p92_age2p665_tau5p270_met0p0200_av1p300.txt
42 /home/bajoshi/Documents/roman_slitless_sims_seds/bc03_template_z0p605_ms10p18_age3p965_tau4p875_met0p0200_av1p638.txt
43 /home/bajoshi/Documents/roman_slitless_sims_seds/bc03_template_z0p665_ms10p52_age2p810_tau4p360_met0p0200_av0p594.txt
44 /home/bajoshi/Documents/roman_slitless_sims_seds/bc03_template_z0p649_ms10p91_age4p945_tau1p150_met0p0200_av1p861.txt
45 /home/bajoshi/Documents/roman_slitless_sims_seds/bc03_template_z0p579_ms10p23_age2p880_tau12p290_met0p0200_av3p976.txt
46 /home/bajoshi/Documents/roman_slitless_sims_seds/bc03_template_z0p980_ms10p85_age5p655_tau10p655_met0p0200_av0p708.txt
47 /home/bajoshi/Documents/roman_slitless_sims_seds/bc03_template_z0p441_ms10p48_age4p215_tau11p730_met0p0200_av0p842.txt
48 /home/bajoshi/Documents/roman_slitless_sims_seds/bc03_template_z0p600_ms11p42_age3p965_tau5p380_met0p0200_av4p414.txt
49 /home/bajoshi/Documents/roman_slitless_sims_seds/bc03_template_z1p035_ms11p12_age2p770_tau6p725_met0p0200_av1p189.txt
50 /home/bajoshi/Documents/roman_slitless_sims_seds/bc03_template_z0p210_ms10p88_age5p125_tau4p985_met0p0200_av4p004.txt
51 /home/bajoshi/Documents/roman_slitless_sims_seds/bc03_template_z0p673_ms10p09_age0p815_tau11p185_met0p0200_av2p281.txt
52 /home/bajoshi/Documents/roman_slitless_sims_seds/bc03_template_z1p020_ms10p76_age3p645_tau13p025_met0p0200_av0p151.txt
53 /home/bajoshi/Documents/roman_slitless_sims_seds/bc03_template_z0p943_ms11p05_age1p190_tau14p310_met0p0200_av0p949.txt
54 /home/bajoshi/Documents/roman_slitless_sims_seds/bc03_template_z0p392_ms10p97_age1p515_tau11p360_met0p0200_av2p558.txt
55 /home/bajoshi/Documents/roman_slitless_sims_seds/bc03_template_z1p913_ms11p02_age2p450_tau5p585_met0p0200_av2p566.txt
56 /home/bajoshi/Documents/roman_slitless_sims_seds/bc03_template_z1p910_ms11p41_age1p580_tau9p690_met0p0200_av0p384.txt
57 /home/bajoshi/Documents/roman_slitless_sims_seds/bc03_template_z0p955_ms10p21_age5p620_tau10p670_met0p0200_av3p117.txt
59 /home/bajoshi/Documents/roman_slitless_sims_seds/bc03_template_z0p296_ms11p05_age0p940_tau8p065_met0p0200_av1p000.txt
60 /home/bajoshi/Documents/roman_slitless_sims_seds/bc03_template_z1p251_ms11p47_age2p065_tau9p070_met0p0200_av1p984.txt
61 /home/bajoshi/Documents/roman_slitless_sims_seds/bc03_template_z0p729_ms11p38_age2p860_tau4p185_met0p0200_av1p945.txt
62 /home/bajoshi/Documents/roman_slitless_sims_seds/bc03_template_z1p350_ms10p88_age0p210_tau7p895_met0p0200_av0p241.txt
63 /home/bajoshi/Documents/roman_slitless_sims_seds/bc03_template_z1p072_ms10p71_age4p450_tau7p855_met0p0200_av4p914.txt
64 /home/bajoshi/Documents/roman_slitless_sims_seds/bc03_template_z0p451_ms10p24_age7p955_tau6p315_met0p0200_av1p497.txt
65 /home/bajoshi/Documents/roman_slitless_sims_seds/bc03_template_z0p759_ms10p35_age0p505_tau6p365_met0p0200_av3p129.txt
66 /home/bajoshi/Documents/roman_slitless_sims_seds/bc03_template_z0p280_ms10p71_age1p750_tau10p045_met0p0200_av0p027.txt
67 /home/bajoshi/Documents/roman_slitless_sims_seds/bc03_template_z0p848_ms11p39_age3p020_tau3p100_met0p0200_av0p060.txt
68 /home/bajoshi/Documents/roman_slitless_sims_seds/bc03_template_z0p506_ms10p86_age1p090_tau12p265_met0p0200_av2p091.txt
69 /home/bajoshi/Documents/roman_slitless_sims_seds/bc03_template_z1p210_ms11p03_age2p535_tau6p245_met0p0200_av0p668.txt
70 /home/bajoshi/Documents/roman_slitless_sims_seds/bc03_template_z0p572_ms11p12_age4p685_tau1p175_met0p0200_av3p577.txt
71 /home/bajoshi/Documents/roman_slitless_sims_seds/bc03_template_z0p310_ms10p03_age5p740_tau0p790_met0p0200_av2p660.txt
72 /home/bajoshi/Documents/roman_slitless_sims_seds/bc03_template_z1p624_ms10p47_age2p265_tau6p165_met0p0200_av2p125.txt
73 /home/bajoshi/Documents/roman_slitless_sims_seds/salt2_spec_day-2_z0p937_av4p395.txt
74 /home/bajoshi/Documents/roman_slitless_sims_seds/bc03_template_z0p246_ms11p50_age4p700_tau14p225_met0p0200_av2p511.txt
75 /home/bajoshi/Documents/roman_slitless_sims_seds/bc03_template_z0p328_ms11p30_age3p600_tau0p320_met0p0200_av2p080.txt
76 /home/bajoshi/Documents/roman_slitless_sims_seds/bc03_template_z0p659_ms10p79_age1p645_tau0p845_met0p0200_av1p357.txt
77 /home/bajoshi/Documents/roman_slitless_sims_seds/bc03_template_z0p486_ms11p33_age4p360_tau3p945_met0p0200_av4p444.txt
78 /home/bajoshi/Documents/roman_slitless_sims_seds/bc03_template_z0p710_ms11p33_age3p325_tau12p025_met0p0200_av0p464.txt
79 /home/bajoshi/Documents/roman_slitless_sims_seds/bc03_template_z1p246_ms10p02_age1p720_tau10p310_met0p0200_av4p381.txt
81 /home/bajoshi/Documents/roman_slitless_sims_seds/bc03_template_z0p950_ms11p35_age4p540_tau1p090_met0p0200_av4p180.txt
82 /home/bajoshi/Documents/roman_slitless_sims_seds/bc03_template_z1p140_ms10p11_age1p145_tau0p960_met0p0200_av4p180.txt
83 /home/bajoshi/Documents/roman_slitless_sims_seds/bc03_template_z0p557_ms11p06_age0p870_tau10p535_met0p0200_av1p119.txt
84 /home/bajoshi/Documents/roman_slitless_sims_seds/bc03_template_z0p877_ms10p85_age0p365_tau4p525_met0p0200_av2p505.txt
85 /home/bajoshi/Documents/roman_slitless_sims_seds/bc03_template_z0p201_ms10p29_age7p765_tau9p245_met0p0200_av1p476.txt
86 /home/bajoshi/Documents/roman_slitless_sims_seds/bc03_template_z0p748_ms11p11_age2p920_tau9p805_met0p0200_av2p941.txt
87 /home/bajoshi/Documents/roman_slitless_sims_seds/bc03_template_z0p981_ms11p18_age0p340_tau0p135_met0p0200_av4p245.txt
88 /home/bajoshi/Documents/roman_slitless_sims_seds/bc03_template_z1p079_ms10p21_age3p325_tau7p100_met0p0200_av4p365.txt
89 /home/bajoshi/Documents/roman_slitless_sims_seds/bc03_template_z0p457_ms10p12_age8p565_tau2p265_met0p0200_av2p721.txt
90 /home/bajoshi/Documents/roman_slitless_sims_seds/bc03_template_z0p897_ms11p45_age3p720_tau13p130_met0p0200_av4p065.txt
91 /home/bajoshi/Documents/roman_slitless_sims_seds/bc03_template_z0p603_ms10p56_age6p685_tau10p540_met0p0200_av4p301.txt
92 /home/bajoshi/Documents/roman_slitless_sims_seds/bc03_template_z0p815_ms10p36_age0p465_tau2p350_met0p0200_av4p539.txt
93 /home/bajoshi/Documents/roman_slitless_sims_seds/bc03_template_z0p547_ms10p74_age1p890_tau12p520_met0p0200_av1p769.txt
94 /home/bajoshi/Documents/roman_slitless_sims_seds/bc03_template_z0p075_ms10p47_age8p010_tau1p890_met0p0200_av2p637.txt
95 /home/bajoshi/Documents/roman_slitless_sims_seds/bc03_template_z1p333_ms11p20_age1p845_tau0p650_met0p0200_av3p524.txt
96 /home/bajoshi/Documents/roman_slitless_sims_seds/bc03_template_z1p085_ms11p12_age0p830_tau8p190_met0p0200_av4p165.txt
97 /home/bajoshi/Documents/roman_slitless_sims_seds/bc03_template_z0p889_ms10p41_age2p035_tau3p950_met0p0200_av0p946.txt
98 /home/bajoshi/Documents/roman_slitless_sims_seds/bc03_template_z1p031_ms10p74_age5p235_tau10p580_met0p0200_av3p454.txt
99 /home/bajoshi/Documents/roman_slitless_sims_seds/bc03_template_z0p526_ms11p32_age7p940_tau9p410_met0p0200_av0p196.txt
100 /home/bajoshi/Documents/roman_slitless_sims_seds/bc03_template_z0p203_ms10p33_age8p905_tau13p735_met0p0200_av1p406.txt
101 /home/bajoshi/Documents/roman_slitless_sims_seds/bc03_template_z0p355_ms11p08_age4p030_tau6p120_met0p0200_av0p106.txt
102 /home/bajoshi/Documents/roman_slitless_sims_seds/bc03_template_z0p850_ms11p35_age5p290_tau0p130_met0p0200_av3p350.txt
103 /home/bajoshi/Documents/roman_slitless_sims_seds/bc03_template_z1p170_ms10p33_age4p125_tau1p205_met0p0200_av3p866.txt
104 /home/bajoshi/Documents/roman_slitless_sims_seds/bc03_template_z1p020_ms11p29_age4p835_tau4p270_met0p0200_av3p943.txt
105 /home/bajoshi/Documents/roman_slitless_sims_seds/bc03_template_z0p940_ms11p17_age4p920_tau2p255_met0p0200_av3p169.txt
106 /home/bajoshi/Documents/roman_slitless_sims_seds/bc03_template_z0p663_ms11p05_age7p255_tau8p505_met0p0200_av3p869.txt
107 /home/bajoshi/Documents/roman_slitless_sims_seds/bc03_template_z0p747_ms10p41_age3p765_tau6p795_met0p0200_av2p080.txt
108 /home/bajoshi/Documents/roman_slitless_sims_seds/bc03_template_z0p220_ms11p14_age5p560_tau6p715_met0p0200_av0p467.txt
109 /home/bajoshi/Documents/roman_slitless_sims_seds/bc03_template_z0p694_ms10p17_age4p420_tau13p950_met0p0200_av4p755.txt
110 /home/bajoshi/Documents/roman_slitless_sims_seds/bc03_template_z0p076_ms11p38_age4p150_tau13p005_met0p0200_av1p876.txt
111 /home/bajoshi/Documents/roman_slitless_sims_seds/bc03_template_z0p803_ms10p88_age0p520_tau7p060_met0p0200_av2p456.txt
112 /home/bajoshi/Documents/roman_slitless_sims_seds/bc03_template_z1p798_ms11p30_age2p205_tau8p840_met0p0200_av1p598.txt
113 /home/bajoshi/Documents/roman_slitless_sims_seds/bc03_template_z0p709_ms11p26_age3p835_tau9p460_met0p0200_av2p994.txt
114 /home/bajoshi/Documents/roman_slitless_sims_seds/bc03_template_z0p771_ms10p95_age6p065_tau7p500_met0p0200_av0p123.txt
115 /home/bajoshi/Documents/roman_slitless_sims_seds/bc03_template_z0p457_ms10p85_age7p270_tau13p475_met0p0200_av2p722.txt
116 /home/bajoshi/Documents/roman_slitless_sims_seds/bc03_template_z0p657_ms10p35_age4p080_tau14p640_met0p0200_av1p643.txt
117 /home/bajoshi/Documents/roman_slitless_sims_seds/bc03_template_z1p330_ms10p14_age2p255_tau8p140_met0p0200_av2p494.txt
118 /home/bajoshi/Documents/roman_slitless_sims_seds/bc03_template_z0p238_ms11p20_age0p680_tau1p465_met0p0200_av4p327.txt
119 /home/bajoshi/Documents/roman_slitless_sims_seds/bc03_template_z1p543_ms10p71_age2p100_tau4p565_met0p0200_av3p937.txt
120 /home/bajoshi/Documents/roman_slitless_sims_seds/bc03_template_z0p537_ms10p80_age0p170_tau10p135_met0p0200_av4p596.txt
121 /home/bajoshi/Documents/roman_slitless_sims_seds/bc03_template_z0p338_ms10p74_age3p610_tau9p685_met0p0200_av1p938.txt
122 /home/bajoshi/Documents/roman_slitless_sims_seds/bc03_template_z0p272_ms10p64_age9p510_tau10p070_met0p0200_av4p953.txt
123 /home/bajoshi/Documents/roman_slitless_sims_seds/bc03_template_z0p882_ms11p32_age4p960_tau13p415_met0p0200_av2p599.txt
124 /home/bajoshi/Documents/roman_slitless_sims_seds/bc03_template_z0p530_ms10p85_age4p910_tau1p745_met0p0200_av2p214.txt
125 /home/bajoshi/Documents/roman_slitless_sims_seds/bc03_template_z0p915_ms11p42_age0p385_tau14p360_met0p0200_av2p339.txt
126 /home/bajoshi/Documents/roman_slitless_sims_seds/bc03_template_z0p915_ms10p59_age1p800_tau14p535_met0p0200_av1p735.txt
127 /home/bajoshi/Documents/roman_slitless_sims_seds/bc03_template_z0p786_ms10p48_age5p375_tau1p680_met0p0200_av2p226.txt
128 /home/bajoshi/Documents/roman_slitless_sims_seds/bc03_template_z0p778_ms10p05_age5p535_tau4p725_met0p0200_av2p264.txt
129 /home/bajoshi/Documents/roman_slitless_sims_seds/bc03_template_z0p110_ms10p97_age2p500_tau1p485_met0p0200_av0p456.txt
130 /home/bajoshi/Documents/roman_slitless_sims_seds/bc03_template_z0p654_ms11p21_age0p985_tau12p405_met0p0200_av1p867.txt
132 /home/bajoshi/Documents/roman_slitless_sims_seds/bc03_template_z0p780_ms10p52_age3p105_tau12p170_met0p0200_av1p257.txt
133 /home/bajoshi/Documents/roman_slitless_sims_seds/bc03_template_z0p603_ms11p30_age3p090_tau13p260_met0p0200_av4p992.txt
134 /home/bajoshi/Documents/roman_slitless_sims_seds/bc03_template_z0p958_ms11p18_age1p290_tau13p965_met0p0200_av3p448.txt
135 /home/bajoshi/Documents/roman_slitless_sims_seds/bc03_template_z0p514_ms11p08_age5p420_tau4p135_met0p0200_av0p664.txt
136 /home/bajoshi/Documents/roman_slitless_sims_seds/bc03_template_z0p432_ms10p92_age7p055_tau12p190_met0p0200_av4p937.txt
137 /home/bajoshi/Documents/roman_slitless_sims_seds/bc03_template_z1p226_ms11p36_age0p465_tau8p510_met0p0200_av2p562.txt
138 /home/bajoshi/Documents/roman_slitless_sims_seds/bc03_template_z1p170_ms11p32_age3p525_tau14p255_met0p0200_av0p568.txt
139 /home/bajoshi/Documents/roman_slitless_sims_seds/bc03_template_z0p475_ms11p02_age8p010_tau13p365_met0p0200_av1p960.txt
140 /home/bajoshi/Documents/roman_slitless_sims_seds/bc03_template_z0p580_ms10p29_age2p225_tau10p840_met0p0200_av2p059.txt
141 /home/bajoshi/Documents/roman_slitless_sims_seds/bc03_template_z0p678_ms11p20_age3p660_tau12p150_met0p0200_av1p918.txt
142 /home/bajoshi/Documents/roman_slitless_sims_seds/bc03_template_z1p087_ms10p23_age4p960_tau9p160_met0p0200_av3p513.txt
143 /home/bajoshi/Documents/roman_slitless_sims_seds/bc03_template_z0p563_ms10p53_age1p700_tau13p065_met0p0200_av4p035.txt
144 /home/bajoshi/Documents/roman_slitless_sims_seds/bc03_template_z0p049_ms10p33_age0p285_tau1p495_met0p0200_av0p451.txt
145 /home/bajoshi/Documents/roman_slitless_sims_seds/bc03_template_z0p228_ms11p05_age3p570_tau11p850_met0p0200_av0p999.txt
146 /home/bajoshi/Documents/roman_slitless_sims_seds/bc03_template_z0p955_ms10p80_age2p820_tau8p340_met0p0200_av2p225.txt
147 /home/bajoshi/Documents/roman_slitless_sims_seds/bc03_template_z0p675_ms10p82_age3p620_tau14p945_met0p0200_av0p638.txt
148 /home/bajoshi/Documents/roman_slitless_sims_seds/bc03_template_z0p360_ms10p14_age1p050_tau5p095_met0p0200_av0p670.txt
149 /home/bajoshi/Documents/roman_slitless_sims_seds/bc03_template_z1p018_ms10p23_age1p820_tau12p665_met0p0200_av0p210.txt
150 /home/bajoshi/Documents/roman_slitless_sims_seds/bc03_template_z1p264_ms10p70_age2p690_tau9p765_met0p0200_av2p575.txt
151 /home/bajoshi/Documents/roman_slitless_sims_seds/bc03_template_z1p096_ms11p50_age3p830_tau10p760_met0p0200_av1p724.txt
152 /home/bajoshi/Documents/roman_slitless_sims_seds/bc03_template_z0p650_ms10p52_age6p315_tau0p315_met0p0200_av2p857.txt
153 /home/bajoshi/Documents/roman_slitless_sims_seds/bc03_template_z1p068_ms11p33_age0p240_tau3p825_met0p0200_av1p162.txt
154 /home/bajoshi/Documents/roman_slitless_sims_seds/bc03_template_z1p068_ms10p88_age1p810_tau7p205_met0p0200_av0p808.txt
155 /home/bajoshi/Documents/roman_slitless_sims_seds/bc03_template_z1p222_ms10p98_age0p260_tau12p445_met0p0200_av3p241.txt
156 /home/bajoshi/Documents/roman_slitless_sims_seds/bc03_template_z0p845_ms10p29_age2p385_tau4p920_met0p0200_av0p658.txt
157 /home/bajoshi/Documents/roman_slitless_sims_seds/bc03_template_z0p979_ms10p50_age0p480_tau4p925_met0p0200_av0p212.txt
158 /home/bajoshi/Documents/roman_slitless_sims_seds/bc03_template_z0p845_ms10p02_age0p545_tau14p990_met0p0200_av3p013.txt
159 /home/bajoshi/Documents/roman_slitless_sims_seds/bc03_template_z0p610_ms10p38_age5p505_tau3p555_met0p0200_av0p797.txt
160 /home/bajoshi/Documents/roman_slitless_sims_seds/bc03_template_z0p504_ms10p82_age0p980_tau4p990_met0p0200_av3p849.txt
161 /home/bajoshi/Documents/roman_slitless_sims_seds/bc03_template_z0p002_ms11p23_age9p425_tau9p165_met0p0200_av2p298.txt
162 /home/bajoshi/Documents/roman_slitless_sims_seds/bc03_template_z0p350_ms10p38_age5p360_tau10p500_met0p0200_av1p174.txt
163 /home/bajoshi/Documents/roman_slitless_sims_seds/bc03_template_z0p589_ms10p14_age3p930_tau14p085_met0p0200_av3p681.txt
164 /home/bajoshi/Documents/roman_slitless_sims_seds/bc03_template_z0p850_ms10p12_age2p330_tau8p990_met0p0200_av0p816.txt
165 /home/bajoshi/Documents/roman_slitless_sims_seds/bc03_template_z0p880_ms10p36_age5p250_tau14p310_met0p0200_av2p171.txt
166 /home/bajoshi/Documents/roman_slitless_sims_seds/bc03_template_z1p073_ms11p32_age2p710_tau1p860_met0p0200_av0p532.txt
167 /home/bajoshi/Documents/roman_slitless_sims_seds/bc03_template_z1p102_ms10p83_age1p295_tau10p410_met0p0200_av1p746.txt
168 /home/bajoshi/Documents/roman_slitless_sims_seds/bc03_template_z1p022_ms10p11_age3p770_tau9p395_met0p0200_av1p580.txt
169 /home/bajoshi/Documents/roman_slitless_sims_seds/bc03_template_z0p615_ms10p64_age2p010_tau8p670_met0p0200_av3p698.txt
170 /home/bajoshi/Documents/roman_slitless_sims_seds/bc03_template_z1p072_ms11p32_age2p250_tau14p010_met0p0200_av1p901.txt
171 /home/bajoshi/Documents/roman_slitless_sims_seds/bc03_template_z1p609_ms11p17_age3p515_tau2p765_met0p0200_av0p595.txt
172 /home/bajoshi/Documents/roman_slitless_sims_seds/bc03_template_z0p217_ms10p70_age3p925_tau1p765_met0p0200_av2p471.txt
173 /home/bajoshi/Documents/roman_slitless_sims_seds/bc03_template_z0p668_ms10p21_age5p480_tau8p760_met0p0200_av3p448.txt
174 /home/bajoshi/Documents/roman_slitless_sims_seds/bc03_template_z0p836_ms10p39_age6p320_tau1p385_met0p0200_av1p880.txt
175 /home/bajoshi/Documents/roman_slitless_sims_seds/salt2_spec_day9_z0p669_av1p684.txt
176 /home/bajoshi/Documents/roman_slitless_sims_seds/bc03_template_z1p253_ms10p03_age0p425_tau9p290_met0p0200_av0p800.txt
177 /home/bajoshi/Documents/roman_slitless_sims_seds/bc03_template_z1p150_ms10p86_age2p655_tau10p690_met0p0200_av4p676.txt
178 /home/bajoshi/Documents/roman_slitless_sims_seds/bc03_template_z0p110_ms10p86_age8p345_tau0p070_met0p0200_av4p167.txt
179 /home/bajoshi/Documents/roman_slitless_sims_seds/bc03_template_z0p541_ms11p29_age6p775_tau2p170_met0p0200_av1p465.txt
180 /home/bajoshi/Documents/roman_slitless_sims_seds/bc03_template_z0p210_ms10p17_age0p100_tau14p335_met0p0200_av0p282.txt
181 /home/bajoshi/Documents/roman_slitless_sims_seds/bc03_template_z0p405_ms11p30_age7p470_tau5p760_met0p0200_av1p983.txt
182 /home/bajoshi/Documents/roman_slitless_sims_seds/bc03_template_z0p390_ms10p44_age2p310_tau4p595_met0p0200_av1p388.txt
183 /home/bajoshi/Documents/roman_slitless_sims_seds/bc03_template_z0p690_ms11p14_age3p385_tau0p840_met0p0200_av1p123.txt
184 /home/bajoshi/Documents/roman_slitless_sims_seds/bc03_template_z0p924_ms10p17_age4p805_tau11p510_met0p0200_av1p993.txt
185 /home/bajoshi/Documents/roman_slitless_sims_seds/bc03_template_z0p914_ms10p50_age4p305_tau2p295_met0p0200_av2p159.txt
186 /home/bajoshi/Documents/roman_slitless_sims_seds/bc03_template_z0p566_ms10p36_age6p125_tau0p210_met0p0200_av1p586.txt
187 /home/bajoshi/Documents/roman_slitless_sims_seds/bc03_template_z0p971_ms11p50_age0p425_tau10p725_met0p0200_av0p494.txt
188 /home/bajoshi/Documents/roman_slitless_sims_seds/bc03_template_z0p959_ms10p61_age1p735_tau10p070_met0p0200_av2p926.txt
189 /home/bajoshi/Documents/roman_slitless_sims_seds/bc03_template_z1p222_ms10p88_age1p090_tau4p745_met0p0200_av3p704.txt
190 /home/bajoshi/Documents/roman_slitless_sims_seds/bc03_template_z0p360_ms10p59_age6p310_tau1p425_met0p0200_av4p371.txt
191 /home/bajoshi/Documents/roman_slitless_sims_seds/bc03_template_z0p921_ms11p36_age5p265_tau5p190_met0p0200_av4p017.txt
192 /home/bajoshi/Documents/roman_slitless_sims_seds/bc03_template_z1p103_ms10p82_age1p205_tau14p175_met0p0200_av4p998.txt
193 /home/bajoshi/Documents/roman_slitless_sims_seds/bc03_template_z0p860_ms11p12_age1p485_tau9p915_met0p0200_av1p599.txt
194 /home/bajoshi/Documents/roman_slitless_sims_seds/bc03_template_z1p231_ms11p11_age4p560_tau9p250_met0p0200_av1p209.txt
195 /home/bajoshi/Documents/roman_slitless_sims_seds/bc03_template_z0p623_ms10p52_age2p430_tau6p205_met0p0200_av4p502.txt
196 /home/bajoshi/Documents/roman_slitless_sims_seds/bc03_template_z1p044_ms11p36_age1p225_tau8p020_met0p0200_av4p438.txt
197 /home/bajoshi/Documents/roman_slitless_sims_seds/bc03_template_z0p513_ms11p24_age2p760_tau13p265_met0p0200_av4p240.txt
198 /home/bajoshi/Documents/roman_slitless_sims_seds/bc03_template_z0p515_ms10p26_age1p435_tau2p275_met0p0200_av4p967.txt
199 /home/bajoshi/Documents/roman_slitless_sims_seds/bc03_template_z0p738_ms11p30_age3p940_tau11p805_met0p0200_av2p401.txt
200 /home/bajoshi/Documents/roman_slitless_sims_seds/bc03_template_z1p358_ms11p11_age3p805_tau6p055_met0p0200_av3p178.txt
201 /home/bajoshi/Documents/roman_slitless_sims_seds/bc03_template_z1p045_ms10p76_age0p795_tau2p595_met0p0200_av0p683.txt
202 /home/bajoshi/Documents/roman_slitless_sims_seds/bc03_template_z0p648_ms10p26_age6p655_tau0p330_met0p0200_av4p072.txt
203 /home/bajoshi/Documents/roman_slitless_sims_seds/bc03_template_z1p258_ms10p68_age2p740_tau13p880_met0p0200_av2p411.txt
204 /home/bajoshi/Documents/roman_slitless_sims_seds/bc03_template_z0p880_ms10p50_age0p985_tau13p245_met0p0200_av2p955.txt
205 /home/bajoshi/Documents/roman_slitless_sims_seds/salt2_spec_day2_z1p416_av3p122.txt
206 /home/bajoshi/Documents/roman_slitless_sims_seds/bc03_template_z0p105_ms10p68_age11p125_tau3p030_met0p0200_av0p487.txt
207 /home/bajoshi/Documents/roman_slitless_sims_seds/bc03_template_z0p480_ms10p94_age7p900_tau13p985_met0p0200_av3p984.txt
208 /home/bajoshi/Documents/roman_slitless_sims_seds/bc03_template_z0p680_ms10p18_age3p685_tau11p600_met0p0200_av1p045.txt
209 /home/bajoshi/Documents/roman_slitless_sims_seds/bc03_template_z0p430_ms10p50_age1p950_tau2p800_met0p0200_av4p749.txt
210 /home/bajoshi/Documents/roman_slitless_sims_seds/bc03_template_z0p849_ms10p50_age6p135_tau10p990_met0p0200_av4p007.txt
212 /home/bajoshi/Documents/roman_slitless_sims_seds/bc03_template_z0p281_ms11p23_age2p430_tau10p355_met0p0200_av3p791.txt
213 /home/bajoshi/Documents/roman_slitless_sims_seds/bc03_template_z0p305_ms10p80_age0p495_tau10p355_met0p0200_av0p604.txt
214 /home/bajoshi/Documents/roman_slitless_sims_seds/bc03_template_z0p535_ms10p53_age4p415_tau10p305_met0p0200_av3p164.txt
215 /home/bajoshi/Documents/roman_slitless_sims_seds/bc03_template_z0p640_ms10p92_age1p270_tau3p260_met0p0200_av3p872.txt
216 /home/bajoshi/Documents/roman_slitless_sims_seds/bc03_template_z0p764_ms10p39_age0p920_tau5p055_met0p0200_av1p087.txt
217 /home/bajoshi/Documents/roman_slitless_sims_seds/bc03_template_z0p409_ms10p50_age0p420_tau14p190_met0p0200_av2p354.txt
218 /home/bajoshi/Documents/roman_slitless_sims_seds/bc03_template_z0p717_ms10p39_age2p290_tau3p470_met0p0200_av3p842.txt
219 /home/bajoshi/Documents/roman_slitless_sims_seds/bc03_template_z0p437_ms10p76_age8p345_tau4p250_met0p0200_av0p953.txt
220 /home/bajoshi/Documents/roman_slitless_sims_seds/bc03_template_z0p653_ms10p08_age1p520_tau10p300_met0p0200_av0p911.txt
221 /home/bajoshi/Documents/roman_slitless_sims_seds/bc03_template_z1p020_ms10p56_age1p950_tau4p775_met0p0200_av3p865.txt
222 /home/bajoshi/Documents/roman_slitless_sims_seds/bc03_template_z0p738_ms10p17_age3p010_tau5p530_met0p0200_av3p687.txt
223 /home/bajoshi/Documents/roman_slitless_sims_seds/bc03_template_z0p070_ms10p36_age5p700_tau14p350_met0p0200_av4p884.txt
224 /home/bajoshi/Documents/roman_slitless_sims_seds/bc03_template_z0p735_ms10p41_age2p425_tau13p850_met0p0200_av4p290.txt
225 /home/bajoshi/Documents/roman_slitless_sims_seds/bc03_template_z0p187_ms11p23_age0p805_tau4p505_met0p0200_av0p652.txt
226 /home/bajoshi/Documents/roman_slitless_sims_seds/bc03_template_z1p226_ms11p00_age2p860_tau7p625_met0p0200_av1p073.txt
227 /home/bajoshi/Documents/roman_slitless_sims_seds/bc03_template_z1p370_ms10p70_age1p225_tau3p365_met0p0200_av0p562.txt
228 /home/bajoshi/Documents/roman_slitless_sims_seds/salt2_spec_day26_z2p676_av4p704.txt
229 /home/bajoshi/Documents/roman_slitless_sims_seds/bc03_template_z1p270_ms10p50_age0p400_tau9p925_met0p0200_av1p873.txt
230 /home/bajoshi/Documents/roman_slitless_sims_seds/bc03_template_z0p467_ms10p77_age3p475_tau4p430_met0p0200_av1p423.txt
231 /home/bajoshi/Documents/roman_slitless_sims_seds/bc03_template_z0p194_ms10p48_age2p420_tau11p005_met0p0200_av2p970.txt
232 /home/bajoshi/Documents/roman_slitless_sims_seds/bc03_template_z0p179_ms10p11_age7p975_tau11p715_met0p0200_av1p612.txt
233 /home/bajoshi/Documents/roman_slitless_sims_seds/bc03_template_z0p910_ms11p08_age0p945_tau2p115_met0p0200_av2p635.txt
234 /home/bajoshi/Documents/roman_slitless_sims_seds/bc03_template_z0p810_ms10p29_age4p625_tau5p020_met0p0200_av3p313.txt
235 /home/bajoshi/Documents/roman_slitless_sims_seds/bc03_template_z0p646_ms11p41_age6p730_tau11p310_met0p0200_av0p460.txt
236 /home/bajoshi/Documents/roman_slitless_sims_seds/bc03_template_z0p740_ms11p12_age2p840_tau5p175_met0p0200_av2p506.txt
237 /home/bajoshi/Documents/roman_slitless_sims_seds/bc03_template_z0p682_ms11p27_age3p570_tau11p900_met0p0200_av1p662.txt
238 /home/bajoshi/Documents/roman_slitless_sims_seds/bc03_template_z0p790_ms10p39_age3p065_tau10p935_met0p0200_av4p768.txt
239 /home/bajoshi/Documents/roman_slitless_sims_seds/bc03_template_z1p225_ms11p50_age1p980_tau1p045_met0p0200_av1p417.txt
240 /home/bajoshi/Documents/roman_slitless_sims_seds/bc03_template_z0p690_ms10p38_age2p590_tau5p705_met0p0200_av4p195.txt
241 /home/bajoshi/Documents/roman_slitless_sims_seds/bc03_template_z1p004_ms10p00_age0p650_tau4p710_met0p0200_av4p030.txt
242 /home/bajoshi/Documents/roman_slitless_sims_seds/bc03_template_z0p900_ms10p30_age3p250_tau7p955_met0p0200_av0p708.txt
243 /home/bajoshi/Documents/roman_slitless_sims_seds/bc03_template_z0p846_ms11p39_age0p965_tau6p885_met0p0200_av1p169.txt
244 /home/bajoshi/Documents/roman_slitless_sims_seds/bc03_template_z0p129_ms10p02_age5p415_tau11p550_met0p0200_av0p539.txt
245 /home/bajoshi/Documents/roman_slitless_sims_seds/bc03_template_z0p203_ms11p23_age6p475_tau7p640_met0p0200_av2p621.txt
246 /home/bajoshi/Documents/roman_slitless_sims_seds/bc03_template_z1p083_ms10p80_age0p525_tau0p125_met0p0200_av0p065.txt
247 /home/bajoshi/Documents/roman_slitless_sims_seds/bc03_template_z0p940_ms11p06_age2p810_tau3p790_met0p0200_av4p411.txt
248 /home/bajoshi/Documents/roman_slitless_sims_seds/bc03_template_z0p887_ms11p02_age2p285_tau3p280_met0p0200_av4p431.txt
249 /home/bajoshi/Documents/roman_slitless_sims_seds/bc03_template_z0p206_ms10p39_age2p235_tau11p595_met0p0200_av3p976.txt
250 /home/bajoshi/Documents/roman_slitless_sims_seds/bc03_template_z0p258_ms10p82_age3p015_tau8p075_met0p0200_av2p593.txt
251 /home/bajoshi/Documents/roman_slitless_sims_seds/bc03_template_z0p662_ms11p47_age1p305_tau11p805_met0p0200_av2p825.txt
252 /home/bajoshi/Documents/roman_slitless_sims_seds/bc03_template_z0p666_ms11p50_age5p660_tau1p565_met0p0200_av3p446.txt
253 /home/bajoshi/Documents/roman_slitless_sims_seds/bc03_template_z1p049_ms10p56_age4p635_tau7p785_met0p0200_av1p569.txt
254 /home/bajoshi/Documents/roman_slitless_sims_seds/bc03_template_z0p388_ms10p21_age3p995_tau11p265_met0p0200_av0p361.txt
255 /home/bajoshi/Documents/roman_slitless_sims_seds/bc03_template_z0p604_ms11p30_age6p745_tau0p595_met0p0200_av3p535.txt
256 /home/bajoshi/Documents/roman_slitless_sims_seds/bc03_template_z0p531_ms11p27_age8p030_tau1p235_met0p0200_av2p824.txt
257 /home/bajoshi/Documents/roman_slitless_sims_seds/bc03_template_z0p080_ms11p32_age2p490_tau5p610_met0p0200_av4p597.txt
258 /home/bajoshi/Documents/roman_slitless_sims_seds/bc03_template_z1p060_ms10p39_age1p790_tau5p640_met0p0200_av1p576.txt
259 /home/bajoshi/Documents/roman_slitless_sims_seds/bc03_template_z0p712_ms10p20_age2p150_tau2p930_met0p0200_av0p274.txt
260 /home/bajoshi/Documents/roman_slitless_sims_seds/salt2_spec_day20_z2p855_av4p115.txt
261 /home/bajoshi/Documents/roman_slitless_sims_seds/bc03_template_z0p726_ms10p09_age4p620_tau2p400_met0p0200_av2p642.txt
262 /home/bajoshi/Documents/roman_slitless_sims_seds/bc03_template_z0p910_ms10p88_age1p105_tau3p125_met0p0200_av4p516.txt
263 /home/bajoshi/Documents/roman_slitless_sims_seds/bc03_template_z0p663_ms10p77_age4p200_tau4p985_met0p0200_av4p915.txt
264 /home/bajoshi/Documents/roman_slitless_sims_seds/bc03_template_z1p500_ms11p12_age2p990_tau6p855_met0p0200_av1p020.txt
265 /home/bajoshi/Documents/roman_slitless_sims_seds/bc03_template_z1p000_ms10p29_age0p885_tau7p505_met0p0200_av4p616.txt
266 /home/bajoshi/Documents/roman_slitless_sims_seds/bc03_template_z1p529_ms11p29_age3p480_tau8p705_met0p0200_av2p441.txt
267 /home/bajoshi/Documents/roman_slitless_sims_seds/bc03_template_z0p220_ms10p47_age7p925_tau9p625_met0p0200_av4p829.txt
268 /home/bajoshi/Documents/roman_slitless_sims_seds/bc03_template_z1p385_ms10p26_age1p315_tau7p825_met0p0200_av1p560.txt
269 /home/bajoshi/Documents/roman_slitless_sims_seds/bc03_template_z0p560_ms10p91_age2p325_tau3p715_met0p0200_av3p182.txt
270 /home/bajoshi/Documents/roman_slitless_sims_seds/bc03_template_z1p190_ms10p00_age0p990_tau6p990_met0p0200_av2p539.txt
271 /home/bajoshi/Documents/roman_slitless_sims_seds/bc03_template_z0p824_ms10p74_age6p340_tau10p045_met0p0200_av2p415.txt
272 /home/bajoshi/Documents/roman_slitless_sims_seds/bc03_template_z1p033_ms11p17_age4p085_tau3p870_met0p0200_av4p022.txt
273 /home/bajoshi/Documents/roman_slitless_sims_seds/bc03_template_z0p847_ms11p48_age4p100_tau2p470_met0p0200_av2p846.txt
274 /home/bajoshi/Documents/roman_slitless_sims_seds/bc03_template_z0p674_ms11p32_age4p795_tau11p930_met0p0200_av1p786.txt
275 /home/bajoshi/Documents/roman_slitless_sims_seds/bc03_template_z0p779_ms10p47_age5p645_tau2p600_met0p0200_av1p778.txt
276 /home/bajoshi/Documents/roman_slitless_sims_seds/bc03_template_z0p950_ms10p21_age2p240_tau14p555_met0p0200_av4p649.txt
277 /home/bajoshi/Documents/roman_slitless_sims_seds/bc03_template_z1p199_ms10p62_age1p710_tau9p505_met0p0200_av4p840.txt
278 /home/bajoshi/Documents/roman_slitless_sims_seds/bc03_template_z1p104_ms10p86_age2p300_tau14p715_met0p0200_av1p713.txt
279 /home/bajoshi/Documents/roman_slitless_sims_seds/bc03_template_z0p400_ms11p42_age6p950_tau5p425_met0p0200_av1p527.txt
280 /home/bajoshi/Documents/roman_slitless_sims_seds/bc03_template_z0p735_ms10p20_age3p470_tau0p025_met0p0200_av2p682.txt
281 /home/bajoshi/Documents/roman_slitless_sims_seds/bc03_template_z0p956_ms11p08_age1p440_tau12p770_met0p0200_av0p974.txt
282 /home/bajoshi/Documents/roman_slitless_sims_seds/bc03_template_z0p673_ms10p74_age2p655_tau0p815_met0p0200_av2p349.txt
283 /home/bajoshi/Documents/roman_slitless_sims_seds/bc03_template_z1p130_ms10p52_age4p035_tau3p345_met0p0200_av2p232.txt
284 /home/bajoshi/Documents/roman_slitless_sims_seds/bc03_template_z0p297_ms10p98_age4p595_tau13p330_met0p0200_av4p761.txt
285 /home/bajoshi/Documents/roman_slitless_sims_seds/bc03_template_z0p345_ms10p05_age8p980_tau6p160_met0p0200_av3p711.txt
286 /home/bajoshi/Documents/roman_slitless_sims_seds/bc03_template_z1p300_ms10p74_age0p580_tau7p165_met0p0200_av4p593.txt
287 /home/bajoshi/Documents/roman_slitless_sims_seds/bc03_template_z0p316_ms11p21_age7p320_tau6p275_met0p0200_av4p886.txt
288 /home/bajoshi/Documents/roman_slitless_sims_seds/bc03_template_z0p330_ms11p15_age1p455_tau11p660_met0p0200_av0p926.txt
289 /home/bajoshi/Documents/roman_slitless_sims_seds/bc03_template_z0p372_ms10p03_age5p005_tau0p965_met0p0200_av2p243.txt
290 /home/bajoshi/Documents/roman_slitless_sims_seds/bc03_template_z0p218_ms10p77_age2p870_tau14p035_met0p0200_av3p568.txt
291 /home/bajoshi/Documents/roman_slitless_sims_seds/bc03_template_z0p360_ms11p32_age0p485_tau10p250_met0p0200_av0p068.txt
292 /home/bajoshi/Documents/roman_slitless_sims_seds/bc03_template_z0p603_ms11p32_age5p950_tau10p085_met0p0200_av2p385.txt
293 /home/bajoshi/Documents/roman_slitless_sims_seds/bc03_template_z0p750_ms10p30_age1p855_tau11p650_met0p0200_av0p910.txt
294 /home/bajoshi/Documents/roman_slitless_sims_seds/bc03_template_z0p697_ms11p41_age2p800_tau8p325_met0p0200_av3p712.txt
295 /home/bajoshi/Documents/roman_slitless_sims_seds/bc03_template_z0p905_ms11p06_age5p140_tau0p200_met0p0200_av0p092.txt
296 /home/bajoshi/Documents/roman_slitless_sims_seds/bc03_template_z1p225_ms10p80_age0p980_tau1p210_met0p0200_av4p695.txt
297 /home/bajoshi/Documents/roman_slitless_sims_seds/bc03_template_z0p861_ms11p12_age3p225_tau0p685_met0p0200_av1p854.txt
298 /home/bajoshi/Documents/roman_slitless_sims_seds/bc03_template_z1p141_ms10p76_age1p580_tau10p015_met0p0200_av1p200.txt
299 /home/bajoshi/Documents/roman_slitless_sims_seds/bc03_template_z0p584_ms10p38_age7p085_tau11p045_met0p0200_av0p620.txt
300 /home/bajoshi/Documents/roman_slitless_sims_seds/bc03_template_z0p438_ms10p02_age8p570_tau11p940_met0p0200_av1p328.txt
301 /home/bajoshi/Documents/roman_slitless_sims_seds/bc03_template_z0p878_ms10p29_age0p180_tau5p090_met0p0200_av2p620.txt
302 /home/bajoshi/Documents/roman_slitless_sims_seds/bc03_template_z1p111_ms10p06_age0p475_tau7p245_met0p0200_av2p288.txt
303 /home/bajoshi/Documents/roman_slitless_sims_seds/bc03_template_z0p350_ms10p24_age3p535_tau4p010_met0p0200_av3p577.txt
304 /home/bajoshi/Documents/roman_slitless_sims_seds/bc03_template_z0p667_ms10p05_age6p735_tau10p950_met0p0200_av2p686.txt
305 /home/bajoshi/Documents/roman_slitless_sims_seds/bc03_template_z0p924_ms10p17_age1p945_tau3p815_met0p0200_av0p031.txt
306 /home/bajoshi/Documents/roman_slitless_sims_seds/bc03_template_z1p076_ms10p08_age3p130_tau9p860_met0p0200_av4p615.txt
307 /home/bajoshi/Documents/roman_slitless_sims_seds/bc03_template_z0p367_ms10p64_age8p590_tau7p360_met0p0200_av3p078.txt
308 /home/bajoshi/Documents/roman_slitless_sims_seds/bc03_template_z0p337_ms10p44_age0p955_tau1p025_met0p0200_av1p635.txt
309 /home/bajoshi/Documents/roman_slitless_sims_seds/bc03_template_z0p457_ms11p41_age1p625_tau8p335_met0p0200_av4p271.txt
310 /home/bajoshi/Documents/roman_slitless_sims_seds/bc03_template_z0p790_ms10p95_age2p815_tau12p850_met0p0200_av2p868.txt
311 /home/bajoshi/Documents/roman_slitless_sims_seds/bc03_template_z0p963_ms11p33_age4p250_tau2p545_met0p0200_av0p693.txt
312 /home/bajoshi/Documents/roman_slitless_sims_seds/bc03_template_z0p210_ms11p42_age3p005_tau10p000_met0p0200_av4p664.txt
313 /home/bajoshi/Documents/roman_slitless_sims_seds/bc03_template_z0p179_ms10p26_age10p680_tau11p995_met0p0200_av3p776.txt
314 /home/bajoshi/Documents/roman_slitless_sims_seds/bc03_template_z0p873_ms10p09_age2p740_tau7p960_met0p0200_av2p493.txt
315 /home/bajoshi/Documents/roman_slitless_sims_seds/bc03_template_z0p660_ms11p24_age7p090_tau14p870_met0p0200_av2p997.txt
316 /home/bajoshi/Documents/roman_slitless_sims_seds/bc03_template_z0p414_ms11p18_age3p085_tau8p415_met0p0200_av1p309.txt
317 /home/bajoshi/Documents/roman_slitless_sims_seds/bc03_template_z0p532_ms10p29_age4p220_tau13p565_met0p0200_av4p308.txt
318 /home/bajoshi/Documents/roman_slitless_sims_seds/bc03_template_z1p470_ms10p14_age2p420_tau6p625_met0p0200_av3p415.txt
319 /home/bajoshi/Documents/roman_slitless_sims_seds/bc03_template_z0p939_ms10p73_age0p295_tau7p295_met0p0200_av1p457.txt
320 /home/bajoshi/Documents/roman_slitless_sims_seds/bc03_template_z0p784_ms10p27_age4p285_tau10p285_met0p0200_av3p208.txt
321 /home/bajoshi/Documents/roman_slitless_sims_seds/bc03_template_z0p911_ms10p89_age2p790_tau3p880_met0p0200_av1p990.txt
322 /home/bajoshi/Documents/roman_slitless_sims_seds/salt2_spec_day21_z2p859_av1p452.txt
323 /home/bajoshi/Documents/roman_slitless_sims_seds/bc03_template_z0p911_ms11p02_age4p735_tau4p390_met0p0200_av0p172.txt
324 /home/bajoshi/Documents/roman_slitless_sims_seds/bc03_template_z0p835_ms11p09_age5p295_tau7p060_met0p0200_av1p663.txt
325 /home/bajoshi/Documents/roman_slitless_sims_seds/bc03_template_z0p673_ms11p24_age4p070_tau14p760_met0p0200_av1p720.txt
326 /home/bajoshi/Documents/roman_slitless_sims_seds/bc03_template_z0p880_ms10p24_age3p455_tau9p105_met0p0200_av1p312.txt
327 /home/bajoshi/Documents/roman_slitless_sims_seds/bc03_template_z1p143_ms10p79_age0p470_tau10p070_met0p0200_av4p200.txt
328 /home/bajoshi/Documents/roman_slitless_sims_seds/bc03_template_z1p354_ms10p83_age2p185_tau6p990_met0p0200_av0p709.txt
329 /home/bajoshi/Documents/roman_slitless_sims_seds/bc03_template_z1p500_ms10p09_age0p600_tau6p355_met0p0200_av4p723.txt
330 /home/bajoshi/Documents/roman_slitless_sims_seds/bc03_template_z0p710_ms10p97_age5p195_tau3p450_met0p0200_av0p479.txt
331 /home/bajoshi/Documents/roman_slitless_sims_seds/bc03_template_z0p711_ms11p11_age4p410_tau12p685_met0p0200_av3p975.txt
332 /home/bajoshi/Documents/roman_slitless_sims_seds/bc03_template_z1p029_ms10p12_age0p975_tau1p190_met0p0200_av3p616.txt
333 /home/bajoshi/Documents/roman_slitless_sims_seds/bc03_template_z0p526_ms11p06_age1p445_tau10p365_met0p0200_av1p374.txt
334 /home/bajoshi/Documents/roman_slitless_sims_seds/bc03_template_z0p253_ms10p86_age2p440_tau4p645_met0p0200_av4p676.txt
335 /home/bajoshi/Documents/roman_slitless_sims_seds/bc03_template_z0p633_ms11p17_age6p660_tau3p180_met0p0200_av4p560.txt
336 /home/bajoshi/Documents/roman_slitless_sims_seds/bc03_template_z0p450_ms10p41_age1p030_tau13p560_met0p0200_av0p592.txt
337 /home/bajoshi/Documents/roman_slitless_sims_seds/bc03_template_z1p913_ms11p21_age1p840_tau14p140_met0p0200_av2p301.txt
338 /home/bajoshi/Documents/roman_slitless_sims_seds/bc03_template_z0p640_ms10p71_age5p635_tau3p600_met0p0200_av4p432.txt
339 /home/bajoshi/Documents/roman_slitless_sims_seds/bc03_template_z1p816_ms11p05_age1p950_tau8p730_met0p0200_av1p670.txt
340 /home/bajoshi/Documents/roman_slitless_sims_seds/bc03_template_z1p145_ms10p39_age4p615_tau5p775_met0p0200_av0p428.txt
341 /home/bajoshi/Documents/roman_slitless_sims_seds/bc03_template_z0p946_ms11p39_age1p955_tau0p975_met0p0200_av2p676.txt
342 /home/bajoshi/Documents/roman_slitless_sims_seds/bc03_template_z0p533_ms10p59_age6p325_tau9p400_met0p0200_av3p243.txt
343 /home/bajoshi/Documents/roman_slitless_sims_seds/bc03_template_z0p874_ms11p42_age3p000_tau7p850_met0p0200_av4p392.txt
344 /home/bajoshi/Documents/roman_slitless_sims_seds/bc03_template_z0p502_ms10p91_age1p410_tau4p500_met0p0200_av3p103.txt
345 /home/bajoshi/Documents/roman_slitless_sims_seds/bc03_template_z1p346_ms11p11_age3p195_tau12p720_met0p0200_av4p765.txt
346 /home/bajoshi/Documents/roman_slitless_sims_seds/bc03_template_z0p165_ms10p38_age4p100_tau9p580_met0p0200_av3p267.txt
347 /home/bajoshi/Documents/roman_slitless_sims_seds/bc03_template_z0p850_ms10p91_age3p290_tau9p440_met0p0200_av4p701.txt
348 /home/bajoshi/Documents/roman_slitless_sims_seds/bc03_template_z0p667_ms10p03_age1p080_tau10p880_met0p0200_av4p664.txt
349 /home/bajoshi/Documents/roman_slitless_sims_seds/bc03_template_z1p277_ms11p00_age3p005_tau9p625_met0p0200_av2p847.txt
350 /home/bajoshi/Documents/roman_slitless_sims_seds/bc03_template_z0p657_ms10p45_age6p060_tau9p630_met0p0200_av3p812.txt
351 /home/bajoshi/Documents/roman_slitless_sims_seds/bc03_template_z0p890_ms10p38_age3p730_tau4p700_met0p0200_av3p049.txt
352 /home/bajoshi/Documents/roman_slitless_sims_seds/bc03_template_z0p859_ms10p64_age1p625_tau14p395_met0p0200_av2p901.txt
353 /home/bajoshi/Documents/roman_slitless_sims_seds/bc03_template_z0p260_ms10p65_age8p295_tau2p245_met0p0200_av3p708.txt
354 /home/bajoshi/Documents/roman_slitless_sims_seds/bc03_template_z1p001_ms10p44_age1p805_tau4p065_met0p0200_av2p823.txt
355 /home/bajoshi/Documents/roman_slitless_sims_seds/bc03_template_z0p473_ms10p77_age3p855_tau13p360_met0p0200_av3p020.txt
356 /home/bajoshi/Documents/roman_slitless_sims_seds/bc03_template_z0p140_ms10p29_age8p320_tau11p645_met0p0200_av2p614.txt
357 /home/bajoshi/Documents/roman_slitless_sims_seds/bc03_template_z1p485_ms10p95_age0p345_tau9p875_met0p0200_av4p627.txt
358 /home/bajoshi/Documents/roman_slitless_sims_seds/bc03_template_z0p936_ms11p47_age0p915_tau0p500_met0p0200_av4p885.txt
360 /home/bajoshi/Documents/roman_slitless_sims_seds/bc03_template_z0p720_ms10p03_age3p745_tau5p955_met0p0200_av2p968.txt
361 /home/bajoshi/Documents/roman_slitless_sims_seds/bc03_template_z0p710_ms10p11_age0p905_tau8p935_met0p0200_av1p029.txt
362 /home/bajoshi/Documents/roman_slitless_sims_seds/bc03_template_z0p469_ms10p82_age7p850_tau5p005_met0p0200_av4p154.txt
363 /home/bajoshi/Documents/roman_slitless_sims_seds/bc03_template_z0p937_ms11p09_age3p125_tau10p970_met0p0200_av2p235.txt
364 /home/bajoshi/Documents/roman_slitless_sims_seds/bc03_template_z0p910_ms11p30_age5p110_tau6p155_met0p0200_av0p890.txt
365 /home/bajoshi/Documents/roman_slitless_sims_seds/bc03_template_z0p559_ms10p42_age0p915_tau12p110_met0p0200_av2p192.txt
366 /home/bajoshi/Documents/roman_slitless_sims_seds/bc03_template_z0p995_ms10p02_age1p735_tau2p695_met0p0200_av2p272.txt
367 /home/bajoshi/Documents/roman_slitless_sims_seds/bc03_template_z0p659_ms10p98_age5p470_tau7p970_met0p0200_av2p181.txt
368 /home/bajoshi/Documents/roman_slitless_sims_seds/bc03_template_z0p578_ms10p80_age5p960_tau0p720_met0p0200_av2p878.txt
369 /home/bajoshi/Documents/roman_slitless_sims_seds/bc03_template_z1p190_ms10p17_age4p085_tau14p760_met0p0200_av4p070.txt
370 /home/bajoshi/Documents/roman_slitless_sims_seds/bc03_template_z0p699_ms10p94_age1p430_tau4p795_met0p0200_av2p853.txt
371 /home/bajoshi/Documents/roman_slitless_sims_seds/bc03_template_z0p648_ms10p48_age4p040_tau11p405_met0p0200_av4p867.txt
372 /home/bajoshi/Documents/roman_slitless_sims_seds/bc03_template_z0p316_ms10p86_age4p660_tau8p715_met0p0200_av0p206.txt
373 /home/bajoshi/Documents/roman_slitless_sims_seds/bc03_template_z1p094_ms10p53_age3p960_tau14p745_met0p0200_av3p554.txt
374 /home/bajoshi/Documents/roman_slitless_sims_seds/bc03_template_z0p655_ms11p12_age0p995_tau7p335_met0p0200_av0p404.txt
375 /home/bajoshi/Documents/roman_slitless_sims_seds/bc03_template_z0p860_ms10p26_age4p385_tau1p550_met0p0200_av4p947.txt
376 /home/bajoshi/Documents/roman_slitless_sims_seds/bc03_template_z0p275_ms11p00_age6p590_tau0p605_met0p0200_av1p313.txt
377 /home/bajoshi/Documents/roman_slitless_sims_seds/bc03_template_z0p903_ms10p86_age3p825_tau8p795_met0p0200_av2p019.txt
378 /home/bajoshi/Documents/roman_slitless_sims_seds/bc03_template_z0p639_ms10p82_age3p860_tau4p300_met0p0200_av0p934.txt
379 /home/bajoshi/Documents/roman_slitless_sims_seds/bc03_template_z1p759_ms10p50_age0p510_tau13p665_met0p0200_av1p696.txt
380 /home/bajoshi/Documents/roman_slitless_sims_seds/bc03_template_z0p961_ms10p08_age0p995_tau14p345_met0p0200_av2p519.txt
381 /home/bajoshi/Documents/roman_slitless_sims_seds/bc03_template_z0p749_ms10p18_age1p045_tau2p980_met0p0200_av2p086.txt
382 /home/bajoshi/Documents/roman_slitless_sims_seds/bc03_template_z1p015_ms11p08_age0p595_tau14p220_met0p0200_av2p915.txt
383 /home/bajoshi/Documents/roman_slitless_sims_seds/bc03_template_z0p777_ms10p20_age1p400_tau11p740_met0p0200_av0p632.txt
384 /home/bajoshi/Documents/roman_slitless_sims_seds/bc03_template_z0p411_ms11p32_age8p265_tau9p715_met0p0200_av3p035.txt
385 /home/bajoshi/Documents/roman_slitless_sims_seds/bc03_template_z0p887_ms10p85_age3p080_tau5p225_met0p0200_av2p177.txt
386 /home/bajoshi/Documents/roman_slitless_sims_seds/bc03_template_z0p264_ms11p30_age7p465_tau2p045_met0p0200_av2p654.txt
387 /home/bajoshi/Documents/roman_slitless_sims_seds/bc03_template_z0p940_ms11p02_age0p785_tau4p450_met0p0200_av4p047.txt
388 /home/bajoshi/Documents/roman_slitless_sims_seds/bc03_template_z1p167_ms10p97_age0p515_tau7p090_met0p0200_av2p445.txt
389 /home/bajoshi/Documents/roman_slitless_sims_seds/bc03_template_z0p460_ms11p06_age8p415_tau5p540_met0p0200_av3p611.txt
390 /home/bajoshi/Documents/roman_slitless_sims_seds/bc03_template_z0p287_ms10p12_age3p965_tau7p875_met0p0200_av0p196.txt
391 /home/bajoshi/Documents/roman_slitless_sims_seds/bc03_template_z0p524_ms11p09_age3p895_tau4p415_met0p0200_av4p941.txt
392 /home/bajoshi/Documents/roman_slitless_sims_seds/bc03_template_z0p972_ms11p29_age0p485_tau2p590_met0p0200_av4p978.txt
393 /home/bajoshi/Documents/roman_slitless_sims_seds/bc03_template_z0p708_ms10p02_age4p815_tau5p970_met0p0200_av0p532.txt
394 /home/bajoshi/Documents/roman_slitless_sims_seds/bc03_template_z0p740_ms11p39_age1p300_tau5p260_met0p0200_av1p787.txt
395 /home/bajoshi/Documents/roman_slitless_sims_seds/bc03_template_z0p054_ms10p39_age6p835_tau5p235_met0p0200_av2p665.txt
396 /home/bajoshi/Documents/roman_slitless_sims_seds/bc03_template_z0p557_ms11p42_age3p320_tau2p710_met0p0200_av0p011.txt
397 /home/bajoshi/Documents/roman_slitless_sims_seds/bc03_template_z1p014_ms10p35_age2p310_tau12p770_met0p0200_av3p946.txt
398 /home/bajoshi/Documents/roman_slitless_sims_seds/bc03_template_z0p640_ms10p70_age6p855_tau9p665_met0p0200_av1p546.txt
399 /home/bajoshi/Documents/roman_slitless_sims_seds/bc03_template_z2p599_ms11p08_age1p545_tau3p020_met0p0200_av4p804.txt
400 /home/bajoshi/Documents/roman_slitless_sims_seds/bc03_template_z0p346_ms10p76_age7p890_tau0p920_met0p0200_av0p127.txt
401 /home/bajoshi/Documents/roman_slitless_sims_seds/bc03_template_z1p086_ms10p23_age0p600_tau0p010_met0p0200_av1p851.txt
402 /home/bajoshi/Documents/roman_slitless_sims_seds/bc03_template_z0p734_ms10p53_age6p615_tau4p395_met0p0200_av2p653.txt
403 /home/bajoshi/Documents/roman_slitless_sims_seds/bc03_template_z0p720_ms11p02_age3p055_tau13p165_met0p0200_av4p338.txt
404 /home/bajoshi/Documents/roman_slitless_sims_seds/bc03_template_z0p117_ms10p68_age3p805_tau0p550_met0p0200_av0p032.txt
405 /home/bajoshi/Documents/roman_slitless_sims_seds/bc03_template_z0p852_ms11p42_age2p400_tau1p070_met0p0200_av1p400.txt
406 /home/bajoshi/Documents/roman_slitless_sims_seds/bc03_template_z0p202_ms10p23_age7p515_tau4p040_met0p0200_av1p313.txt
407 /home/bajoshi/Documents/roman_slitless_sims_seds/bc03_template_z0p883_ms10p42_age1p420_tau5p255_met0p0200_av4p169.txt
408 /home/bajoshi/Documents/roman_slitless_sims_seds/bc03_template_z0p240_ms10p02_age6p730_tau10p230_met0p0200_av2p542.txt
409 /home/bajoshi/Documents/roman_slitless_sims_seds/bc03_template_z0p670_ms10p03_age4p875_tau3p940_met0p0200_av4p386.txt
410 /home/bajoshi/Documents/roman_slitless_sims_seds/bc03_template_z0p535_ms11p36_age6p440_tau6p820_met0p0200_av0p602.txt
411 /home/bajoshi/Documents/roman_slitless_sims_seds/bc03_template_z0p681_ms11p32_age1p970_tau14p090_met0p0200_av4p392.txt
412 /home/bajoshi/Documents/roman_slitless_sims_seds/bc03_template_z0p511_ms10p15_age5p925_tau12p370_met0p0200_av3p869.txt
413 /home/bajoshi/Documents/roman_slitless_sims_seds/bc03_template_z0p700_ms10p39_age3p525_tau6p685_met0p0200_av4p507.txt
414 /home/bajoshi/Documents/roman_slitless_sims_seds/bc03_template_z0p415_ms10p33_age2p930_tau8p430_met0p0200_av2p904.txt
415 /home/bajoshi/Documents/roman_slitless_sims_seds/bc03_template_z1p250_ms11p26_age4p570_tau6p515_met0p0200_av2p953.txt
416 /home/bajoshi/Documents/roman_slitless_sims_seds/bc03_template_z0p323_ms10p42_age2p265_tau9p630_met0p0200_av2p942.txt
417 /home/bajoshi/Documents/roman_slitless_sims_seds/bc03_template_z0p200_ms10p89_age6p370_tau0p615_met0p0200_av0p681.txt
418 /home/bajoshi/Documents/roman_slitless_sims_seds/bc03_template_z1p052_ms10p08_age0p960_tau5p075_met0p0200_av1p798.txt
419 /home/bajoshi/Documents/roman_slitless_sims_seds/bc03_template_z0p660_ms10p11_age6p050_tau4p240_met0p0200_av4p293.txt
420 /home/bajoshi/Documents/roman_slitless_sims_seds/bc03_template_z1p250_ms10p68_age2p530_tau0p695_met0p0200_av2p641.txt
421 /home/bajoshi/Documents/roman_slitless_sims_seds/bc03_template_z0p310_ms10p35_age7p170_tau9p050_met0p0200_av2p935.txt
422 /home/bajoshi/Documents/roman_slitless_sims_seds/bc03_template_z1p147_ms10p26_age2p605_tau8p550_met0p0200_av1p409.txt
423 /home/bajoshi/Documents/roman_slitless_sims_seds/bc03_template_z0p561_ms11p50_age3p470_tau2p120_met0p0200_av3p805.txt
424 /home/bajoshi/Documents/roman_slitless_sims_seds/bc03_template_z0p280_ms10p29_age0p855_tau6p005_met0p0200_av1p318.txt
425 /home/bajoshi/Documents/roman_slitless_sims_seds/bc03_template_z1p133_ms11p09_age0p360_tau6p315_met0p0200_av1p635.txt
426 /home/bajoshi/Documents/roman_slitless_sims_seds/bc03_template_z0p383_ms10p64_age0p590_tau7p755_met0p0200_av0p280.txt
427 /home/bajoshi/Documents/roman_slitless_sims_seds/bc03_template_z1p333_ms10p86_age2p260_tau1p185_met0p0200_av3p220.txt
428 /home/bajoshi/Documents/roman_slitless_sims_seds/bc03_template_z0p979_ms10p24_age0p550_tau3p410_met0p0200_av3p721.txt
429 /home/bajoshi/Documents/roman_slitless_sims_seds/bc03_template_z0p431_ms11p17_age5p295_tau10p470_met0p0200_av4p427.txt
430 /home/bajoshi/Documents/roman_slitless_sims_seds/bc03_template_z0p798_ms10p74_age3p995_tau8p935_met0p0200_av0p354.txt
431 /home/bajoshi/Documents/roman_slitless_sims_seds/bc03_template_z0p670_ms10p42_age2p830_tau7p255_met0p0200_av4p061.txt
432 /home/bajoshi/Documents/roman_slitless_sims_seds/bc03_template_z0p670_ms11p08_age2p465_tau1p690_met0p0200_av4p608.txt
433 /home/bajoshi/Documents/roman_slitless_sims_seds/bc03_template_z0p334_ms11p09_age1p935_tau4p290_met0p0200_av0p814.txt
434 /home/bajoshi/Documents/roman_slitless_sims_seds/bc03_template_z1p068_ms10p03_age0p150_tau4p370_met0p0200_av3p421.txt
435 /home/bajoshi/Documents/roman_slitless_sims_seds/bc03_template_z0p442_ms10p44_age4p555_tau4p940_met0p0200_av2p486.txt
436 /home/bajoshi/Documents/roman_slitless_sims_seds/bc03_template_z0p648_ms11p17_age5p750_tau6p870_met0p0200_av0p144.txt
437 /home/bajoshi/Documents/roman_slitless_sims_seds/bc03_template_z0p741_ms10p64_age2p590_tau2p365_met0p0200_av0p840.txt
438 /home/bajoshi/Documents/roman_slitless_sims_seds/bc03_template_z0p915_ms10p58_age3p990_tau13p295_met0p0200_av1p442.txt
439 /home/bajoshi/Documents/roman_slitless_sims_seds/bc03_template_z0p608_ms11p20_age4p750_tau11p910_met0p0200_av0p387.txt
440 /home/bajoshi/Documents/roman_slitless_sims_seds/bc03_template_z0p271_ms11p09_age3p065_tau9p175_met0p0200_av2p454.txt
441 /home/bajoshi/Documents/roman_slitless_sims_seds/bc03_template_z0p650_ms10p03_age1p180_tau6p895_met0p0200_av2p388.txt
442 /home/bajoshi/Documents/roman_slitless_sims_seds/bc03_template_z0p646_ms10p29_age5p895_tau13p840_met0p0200_av2p918.txt
443 /home/bajoshi/Documents/roman_slitless_sims_seds/bc03_template_z0p173_ms10p14_age5p435_tau7p410_met0p0200_av3p718.txt
444 /home/bajoshi/Documents/roman_slitless_sims_seds/bc03_template_z0p638_ms11p02_age6p900_tau10p070_met0p0200_av4p599.txt
445 /home/bajoshi/Documents/roman_slitless_sims_seds/bc03_template_z0p470_ms10p32_age2p115_tau2p330_met0p0200_av0p295.txt
446 /home/bajoshi/Documents/roman_slitless_sims_seds/bc03_template_z0p814_ms11p48_age5p165_tau5p525_met0p0200_av2p840.txt
447 /home/bajoshi/Documents/roman_slitless_sims_seds/bc03_template_z1p140_ms10p09_age0p920_tau7p910_met0p0200_av4p082.txt
448 /home/bajoshi/Documents/roman_slitless_sims_seds/bc03_template_z0p630_ms11p02_age2p160_tau6p780_met0p0200_av3p894.txt
449 /home/bajoshi/Documents/roman_slitless_sims_seds/bc03_template_z0p966_ms10p24_age4p210_tau3p285_met0p0200_av3p770.txt
450 /home/bajoshi/Documents/roman_slitless_sims_seds/bc03_template_z0p704_ms10p26_age1p040_tau14p240_met0p0200_av3p457.txt
451 /home/bajoshi/Documents/roman_slitless_sims_seds/bc03_template_z0p571_ms10p85_age2p170_tau10p865_met0p0200_av0p644.txt
452 /home/bajoshi/Documents/roman_slitless_sims_seds/bc03_template_z0p304_ms11p45_age2p075_tau8p225_met0p0200_av2p186.txt
453 /home/bajoshi/Documents/roman_slitless_sims_seds/bc03_template_z0p740_ms10p59_age2p670_tau5p885_met0p0200_av3p496.txt
454 /home/bajoshi/Documents/roman_slitless_sims_seds/bc03_template_z0p845_ms11p45_age3p545_tau3p450_met0p0200_av3p331.txt
455 /home/bajoshi/Documents/roman_slitless_sims_seds/bc03_template_z0p913_ms10p89_age2p365_tau12p585_met0p0200_av3p952.txt
456 /home/bajoshi/Documents/roman_slitless_sims_seds/bc03_template_z0p271_ms10p98_age5p575_tau2p475_met0p0200_av1p375.txt
457 /home/bajoshi/Documents/roman_slitless_sims_seds/bc03_template_z0p367_ms11p17_age2p875_tau11p410_met0p0200_av4p731.txt
458 /home/bajoshi/Documents/roman_slitless_sims_seds/bc03_template_z0p186_ms10p61_age6p205_tau2p690_met0p0200_av1p095.txt
459 /home/bajoshi/Documents/roman_slitless_sims_seds/bc03_template_z1p510_ms11p14_age1p265_tau2p170_met0p0200_av0p890.txt
460 /home/bajoshi/Documents/roman_slitless_sims_seds/bc03_template_z1p011_ms11p05_age2p600_tau8p505_met0p0200_av1p445.txt
461 /home/bajoshi/Documents/roman_slitless_sims_seds/bc03_template_z0p205_ms11p24_age2p060_tau9p800_met0p0200_av4p282.txt
462 /home/bajoshi/Documents/roman_slitless_sims_seds/bc03_template_z0p484_ms10p32_age3p885_tau4p960_met0p0200_av0p818.txt
463 /home/bajoshi/Documents/roman_slitless_sims_seds/bc03_template_z0p800_ms10p05_age0p365_tau10p715_met0p0200_av1p385.txt
464 /home/bajoshi/Documents/roman_slitless_sims_seds/bc03_template_z0p960_ms10p95_age5p355_tau4p000_met0p0200_av2p626.txt
465 /home/bajoshi/Documents/roman_slitless_sims_seds/bc03_template_z0p823_ms11p20_age1p020_tau12p765_met0p0200_av3p923.txt
466 /home/bajoshi/Documents/roman_slitless_sims_seds/bc03_template_z1p034_ms10p48_age3p520_tau11p435_met0p0200_av0p062.txt
467 /home/bajoshi/Documents/roman_slitless_sims_seds/bc03_template_z0p524_ms10p45_age2p600_tau10p495_met0p0200_av3p157.txt
468 /home/bajoshi/Documents/roman_slitless_sims_seds/bc03_template_z0p851_ms10p48_age0p240_tau6p515_met0p0200_av0p942.txt
469 /home/bajoshi/Documents/roman_slitless_sims_seds/bc03_template_z1p030_ms10p44_age5p500_tau2p880_met0p0200_av1p488.txt
470 /home/bajoshi/Documents/roman_slitless_sims_seds/bc03_template_z0p794_ms10p33_age4p180_tau14p850_met0p0200_av3p317.txt
471 /home/bajoshi/Documents/roman_slitless_sims_seds/bc03_template_z0p423_ms11p32_age0p350_tau7p225_met0p0200_av0p879.txt
472 /home/bajoshi/Documents/roman_slitless_sims_seds/bc03_template_z0p632_ms10p14_age6p305_tau9p640_met0p0200_av3p378.txt
473 /home/bajoshi/Documents/roman_slitless_sims_seds/bc03_template_z0p524_ms11p50_age3p365_tau13p205_met0p0200_av3p911.txt
474 /home/bajoshi/Documents/roman_slitless_sims_seds/bc03_template_z2p924_ms10p73_age1p450_tau0p195_met0p0200_av1p582.txt
475 /home/bajoshi/Documents/roman_slitless_sims_seds/bc03_template_z0p777_ms10p79_age6p400_tau3p380_met0p0200_av4p425.txt
476 /home/bajoshi/Documents/roman_slitless_sims_seds/bc03_template_z1p394_ms11p47_age2p090_tau10p350_met0p0200_av1p682.txt
477 /home/bajoshi/Documents/roman_slitless_sims_seds/bc03_template_z0p439_ms10p27_age2p840_tau8p115_met0p0200_av4p058.txt
478 /home/bajoshi/Documents/roman_slitless_sims_seds/bc03_template_z0p640_ms10p58_age0p775_tau14p075_met0p0200_av1p150.txt
479 /home/bajoshi/Documents/roman_slitless_sims_seds/bc03_template_z0p320_ms11p32_age4p275_tau2p150_met0p0200_av4p823.txt
480 /home/bajoshi/Documents/roman_slitless_sims_seds/bc03_template_z0p337_ms11p50_age3p260_tau14p190_met0p0200_av0p301.txt
481 /home/bajoshi/Documents/roman_slitless_sims_seds/bc03_template_z0p867_ms11p03_age6p080_tau12p430_met0p0200_av1p426.txt
482 /home/bajoshi/Documents/roman_slitless_sims_seds/bc03_template_z1p220_ms10p65_age1p000_tau5p240_met0p0200_av4p152.txt
483 /home/bajoshi/Documents/roman_slitless_sims_seds/bc03_template_z0p485_ms10p21_age3p910_tau14p195_met0p0200_av3p028.txt
484 /home/bajoshi/Documents/roman_slitless_sims_seds/bc03_template_z0p477_ms10p29_age7p175_tau8p145_met0p0200_av0p619.txt
485 /home/bajoshi/Documents/roman_slitless_sims_seds/bc03_template_z0p562_ms11p23_age7p770_tau1p535_met0p0200_av0p011.txt
486 /home/bajoshi/Documents/roman_slitless_sims_seds/bc03_template_z0p730_ms10p21_age3p260_tau4p195_met0p0200_av4p461.txt
487 /home/bajoshi/Documents/roman_slitless_sims_seds/salt2_spec_day6_z0p256_av4p181.txt
488 /home/bajoshi/Documents/roman_slitless_sims_seds/bc03_template_z0p537_ms10p24_age0p760_tau6p985_met0p0200_av1p321.txt
489 /home/bajoshi/Documents/roman_slitless_sims_seds/bc03_template_z1p145_ms11p48_age4p160_tau13p285_met0p0200_av1p378.txt
490 /home/bajoshi/Documents/roman_slitless_sims_seds/bc03_template_z0p810_ms10p14_age5p015_tau8p695_met0p0200_av3p983.txt
491 /home/bajoshi/Documents/roman_slitless_sims_seds/bc03_template_z0p307_ms10p53_age5p775_tau3p445_met0p0200_av3p061.txt
492 /home/bajoshi/Documents/roman_slitless_sims_seds/bc03_template_z0p735_ms11p38_age4p425_tau0p175_met0p0200_av4p395.txt
493 /home/bajoshi/Documents/roman_slitless_sims_seds/salt2_spec_day16_z1p048_av3p330.txt
494 /home/bajoshi/Documents/roman_slitless_sims_seds/bc03_template_z0p437_ms10p33_age3p005_tau5p410_met0p0200_av1p955.txt
495 /home/bajoshi/Documents/roman_slitless_sims_seds/bc03_template_z0p490_ms11p05_age2p965_tau5p525_met0p0200_av0p969.txt
496 /home/bajoshi/Documents/roman_slitless_sims_seds/bc03_template_z0p788_ms10p08_age2p205_tau7p925_met0p0200_av0p831.txt
497 /home/bajoshi/Documents/roman_slitless_sims_seds/bc03_template_z0p979_ms10p95_age1p985_tau4p030_met0p0200_av2p157.txt
498 /home/bajoshi/Documents/roman_slitless_sims_seds/bc03_template_z1p675_ms11p23_age1p265_tau5p915_met0p0200_av0p626.txt
499 /home/bajoshi/Documents/roman_slitless_sims_seds/bc03_template_z0p849_ms10p73_age5p015_tau7p175_met0p0200_av0p139.txt
500 /home/bajoshi/Documents/roman_slitless_sims_seds/bc03_template_z0p752_ms10p02_age5p020_tau11p640_met0p0200_av2p722.txt
501 /home/bajoshi/Documents/roman_slitless_sims_seds/salt2_spec_day18_z0p048_av3p536.txt
502 /home/bajoshi/Documents/roman_slitless_sims_seds/bc03_template_z0p450_ms10p70_age4p220_tau7p140_met0p0200_av3p698.txt
503 /home/bajoshi/Documents/roman_slitless_sims_seds/bc03_template_z0p630_ms10p76_age6p200_tau9p585_met0p0200_av0p957.txt
504 /home/bajoshi/Documents/roman_slitless_sims_seds/bc03_template_z1p050_ms10p91_age0p220_tau12p180_met0p0200_av0p243.txt
506 /home/bajoshi/Documents/roman_slitless_sims_seds/bc03_template_z0p639_ms10p79_age0p605_tau4p110_met0p0200_av1p582.txt
507 /home/bajoshi/Documents/roman_slitless_sims_seds/bc03_template_z0p165_ms10p42_age0p585_tau11p690_met0p0200_av4p393.txt
508 /home/bajoshi/Documents/roman_slitless_sims_seds/bc03_template_z0p681_ms10p70_age0p335_tau9p660_met0p0200_av2p750.txt
509 /home/bajoshi/Documents/roman_slitless_sims_seds/bc03_template_z0p678_ms10p27_age6p375_tau10p440_met0p0200_av4p886.txt
510 /home/bajoshi/Documents/roman_slitless_sims_seds/bc03_template_z0p490_ms11p08_age7p050_tau3p305_met0p0200_av1p933.txt
511 /home/bajoshi/Documents/roman_slitless_sims_seds/bc03_template_z1p020_ms11p39_age3p775_tau4p515_met0p0200_av3p563.txt
512 /home/bajoshi/Documents/roman_slitless_sims_seds/bc03_template_z0p600_ms10p44_age4p850_tau11p630_met0p0200_av0p245.txt
513 /home/bajoshi/Documents/roman_slitless_sims_seds/bc03_template_z0p734_ms11p24_age1p280_tau0p035_met0p0200_av4p047.txt
514 /home/bajoshi/Documents/roman_slitless_sims_seds/bc03_template_z1p235_ms10p56_age3p010_tau5p745_met0p0200_av3p881.txt
515 /home/bajoshi/Documents/roman_slitless_sims_seds/bc03_template_z0p704_ms10p14_age6p330_tau3p225_met0p0200_av4p027.txt
516 /home/bajoshi/Documents/roman_slitless_sims_seds/bc03_template_z0p895_ms10p62_age1p980_tau2p210_met0p0200_av3p521.txt
517 /home/bajoshi/Documents/roman_slitless_sims_seds/bc03_template_z0p654_ms11p50_age1p755_tau6p335_met0p0200_av3p091.txt
518 /home/bajoshi/Documents/roman_slitless_sims_seds/bc03_template_z1p366_ms10p42_age3p250_tau2p135_met0p0200_av0p561.txt
519 /home/bajoshi/Documents/roman_slitless_sims_seds/bc03_template_z2p471_ms11p14_age2p180_tau4p785_met0p0200_av4p846.txt
520 /home/bajoshi/Documents/roman_slitless_sims_seds/bc03_template_z0p129_ms11p11_age7p950_tau10p970_met0p0200_av1p769.txt
521 /home/bajoshi/Documents/roman_slitless_sims_seds/bc03_template_z0p511_ms11p23_age1p550_tau11p960_met0p0200_av0p157.txt
522 /home/bajoshi/Documents/roman_slitless_sims_seds/bc03_template_z1p631_ms11p47_age0p955_tau14p285_met0p0200_av1p196.txt
523 /home/bajoshi/Documents/roman_slitless_sims_seds/bc03_template_z0p914_ms10p62_age2p130_tau2p280_met0p0200_av0p158.txt
524 /home/bajoshi/Documents/roman_slitless_sims_seds/bc03_template_z0p688_ms10p50_age1p995_tau0p670_met0p0200_av3p713.txt
525 /home/bajoshi/Documents/roman_slitless_sims_seds/bc03_template_z1p145_ms10p55_age3p780_tau12p995_met0p0200_av4p041.txt
526 /home/bajoshi/Documents/roman_slitless_sims_seds/bc03_template_z0p189_ms10p95_age0p975_tau11p140_met0p0200_av2p223.txt
527 /home/bajoshi/Documents/roman_slitless_sims_seds/bc03_template_z0p320_ms11p33_age2p285_tau1p140_met0p0200_av0p154.txt
528 /home/bajoshi/Documents/roman_slitless_sims_seds/bc03_template_z0p356_ms10p98_age3p195_tau10p870_met0p0200_av0p470.txt
529 /home/bajoshi/Documents/roman_slitless_sims_seds/bc03_template_z1p215_ms11p36_age0p700_tau7p795_met0p0200_av1p166.txt
530 /home/bajoshi/Documents/roman_slitless_sims_seds/bc03_template_z0p433_ms10p52_age6p350_tau4p755_met0p0200_av4p359.txt
531 /home/bajoshi/Documents/roman_slitless_sims_seds/bc03_template_z0p648_ms10p48_age5p645_tau9p405_met0p0200_av1p233.txt
532 /home/bajoshi/Documents/roman_slitless_sims_seds/bc03_template_z0p621_ms11p26_age5p640_tau6p875_met0p0200_av4p902.txt
533 /home/bajoshi/Documents/roman_slitless_sims_seds/bc03_template_z0p870_ms10p76_age2p940_tau7p935_met0p0200_av1p852.txt
534 /home/bajoshi/Documents/roman_slitless_sims_seds/bc03_template_z1p141_ms11p50_age4p135_tau6p785_met0p0200_av1p341.txt
535 /home/bajoshi/Documents/roman_slitless_sims_seds/bc03_template_z0p161_ms10p08_age11p180_tau9p700_met0p0200_av2p619.txt
536 /home/bajoshi/Documents/roman_slitless_sims_seds/bc03_template_z0p356_ms11p38_age2p910_tau6p255_met0p0200_av4p613.txt
537 /home/bajoshi/Documents/roman_slitless_sims_seds/bc03_template_z0p652_ms10p79_age3p345_tau5p300_met0p0200_av4p945.txt
538 /home/bajoshi/Documents/roman_slitless_sims_seds/bc03_template_z0p210_ms10p56_age9p360_tau2p240_met0p0200_av2p185.txt
539 /home/bajoshi/Documents/roman_slitless_sims_seds/bc03_template_z0p712_ms11p27_age2p715_tau13p505_met0p0200_av2p711.txt
540 /home/bajoshi/Documents/roman_slitless_sims_seds/bc03_template_z0p680_ms10p67_age3p420_tau3p845_met0p0200_av4p056.txt
541 /home/bajoshi/Documents/roman_slitless_sims_seds/bc03_template_z0p730_ms10p35_age5p190_tau5p775_met0p0200_av2p270.txt
542 /home/bajoshi/Documents/roman_slitless_sims_seds/bc03_template_z0p532_ms11p15_age5p585_tau12p825_met0p0200_av3p841.txt
543 /home/bajoshi/Documents/roman_slitless_sims_seds/bc03_template_z0p742_ms10p47_age1p655_tau0p265_met0p0200_av3p982.txt
544 /home/bajoshi/Documents/roman_slitless_sims_seds/bc03_template_z1p190_ms10p97_age4p810_tau14p130_met0p0200_av0p196.txt
545 /home/bajoshi/Documents/roman_slitless_sims_seds/bc03_template_z1p091_ms10p82_age2p220_tau7p265_met0p0200_av4p597.txt
546 /home/bajoshi/Documents/roman_slitless_sims_seds/bc03_template_z0p384_ms10p98_age6p485_tau8p500_met0p0200_av2p153.txt
547 /home/bajoshi/Documents/roman_slitless_sims_seds/bc03_template_z0p733_ms10p29_age3p495_tau0p350_met0p0200_av0p327.txt
548 /home/bajoshi/Documents/roman_slitless_sims_seds/bc03_template_z0p201_ms11p33_age10p685_tau7p205_met0p0200_av1p761.txt
549 /home/bajoshi/Documents/roman_slitless_sims_seds/bc03_template_z0p710_ms10p61_age5p440_tau13p465_met0p0200_av1p024.txt
550 /home/bajoshi/Documents/roman_slitless_sims_seds/bc03_template_z0p843_ms11p26_age0p350_tau3p920_met0p0200_av0p022.txt
551 /home/bajoshi/Documents/roman_slitless_sims_seds/bc03_template_z0p806_ms10p05_age6p420_tau10p585_met0p0200_av4p144.txt
552 /home/bajoshi/Documents/roman_slitless_sims_seds/bc03_template_z0p648_ms11p45_age4p135_tau10p400_met0p0200_av2p627.txt
553 /home/bajoshi/Documents/roman_slitless_sims_seds/bc03_template_z0p863_ms10p39_age1p820_tau8p835_met0p0200_av3p746.txt
554 /home/bajoshi/Documents/roman_slitless_sims_seds/bc03_template_z0p677_ms10p41_age4p060_tau14p645_met0p0200_av3p813.txt
555 /home/bajoshi/Documents/roman_slitless_sims_seds/bc03_template_z0p639_ms10p95_age2p645_tau7p385_met0p0200_av4p389.txt
556 /home/bajoshi/Documents/roman_slitless_sims_seds/bc03_template_z1p063_ms10p83_age3p435_tau11p205_met0p0200_av3p824.txt
557 /home/bajoshi/Documents/roman_slitless_sims_seds/bc03_template_z0p040_ms10p82_age5p595_tau9p590_met0p0200_av4p559.txt
558 /home/bajoshi/Documents/roman_slitless_sims_seds/bc03_template_z1p015_ms11p39_age1p265_tau12p525_met0p0200_av0p142.txt
559 /home/bajoshi/Documents/roman_slitless_sims_seds/bc03_template_z0p850_ms10p30_age4p225_tau2p870_met0p0200_av3p213.txt
560 /home/bajoshi/Documents/roman_slitless_sims_seds/bc03_template_z0p747_ms10p53_age1p440_tau10p080_met0p0200_av2p466.txt
561 /home/bajoshi/Documents/roman_slitless_sims_seds/bc03_template_z0p230_ms10p62_age8p370_tau4p390_met0p0200_av0p056.txt
562 /home/bajoshi/Documents/roman_slitless_sims_seds/bc03_template_z0p896_ms11p05_age1p765_tau2p990_met0p0200_av3p643.txt
563 /home/bajoshi/Documents/roman_slitless_sims_seds/bc03_template_z2p212_ms11p09_age1p765_tau8p085_met0p0200_av3p719.txt
564 /home/bajoshi/Documents/roman_slitless_sims_seds/bc03_template_z0p638_ms11p23_age4p715_tau5p745_met0p0200_av4p052.txt
565 /home/bajoshi/Documents/roman_slitless_sims_seds/bc03_template_z0p990_ms11p36_age4p370_tau13p650_met0p0200_av4p136.txt
566 /home/bajoshi/Documents/roman_slitless_sims_seds/bc03_template_z0p454_ms10p89_age1p650_tau12p375_met0p0200_av4p847.txt
567 /home/bajoshi/Documents/roman_slitless_sims_seds/bc03_template_z0p287_ms10p39_age9p790_tau13p760_met0p0200_av0p502.txt
568 /home/bajoshi/Documents/roman_slitless_sims_seds/bc03_template_z0p277_ms10p67_age6p995_tau1p895_met0p0200_av0p226.txt
569 /home/bajoshi/Documents/roman_slitless_sims_seds/bc03_template_z0p290_ms11p26_age2p990_tau6p280_met0p0200_av1p060.txt
570 /home/bajoshi/Documents/roman_slitless_sims_seds/bc03_template_z1p284_ms10p65_age3p055_tau9p595_met0p0200_av1p225.txt
571 /home/bajoshi/Documents/roman_slitless_sims_seds/bc03_template_z1p027_ms10p53_age3p560_tau9p530_met0p0200_av4p159.txt
572 /home/bajoshi/Documents/roman_slitless_sims_seds/bc03_template_z0p596_ms10p91_age0p935_tau13p090_met0p0200_av4p979.txt
573 /home/bajoshi/Documents/roman_slitless_sims_seds/bc03_template_z0p738_ms11p47_age0p160_tau9p225_met0p0200_av2p027.txt
574 /home/bajoshi/Documents/roman_slitless_sims_seds/bc03_template_z1p086_ms10p50_age4p295_tau5p370_met0p0200_av2p918.txt
575 /home/bajoshi/Documents/roman_slitless_sims_seds/bc03_template_z0p971_ms11p32_age4p160_tau7p405_met0p0200_av4p682.txt
576 /home/bajoshi/Documents/roman_slitless_sims_seds/bc03_template_z0p340_ms10p45_age7p515_tau10p160_met0p0200_av1p304.txt
577 /home/bajoshi/Documents/roman_slitless_sims_seds/bc03_template_z0p580_ms11p02_age6p035_tau4p630_met0p0200_av3p835.txt
578 /home/bajoshi/Documents/roman_slitless_sims_seds/bc03_template_z0p952_ms10p62_age1p150_tau6p270_met0p0200_av1p927.txt
579 /home/bajoshi/Documents/roman_slitless_sims_seds/bc03_template_z0p740_ms10p55_age4p845_tau4p545_met0p0200_av0p863.txt
580 /home/bajoshi/Documents/roman_slitless_sims_seds/bc03_template_z0p823_ms10p21_age4p110_tau12p550_met0p0200_av1p068.txt
581 /home/bajoshi/Documents/roman_slitless_sims_seds/bc03_template_z0p666_ms10p86_age6p300_tau2p075_met0p0200_av2p418.txt
582 /home/bajoshi/Documents/roman_slitless_sims_seds/bc03_template_z0p322_ms10p71_age2p350_tau0p135_met0p0200_av4p226.txt
583 /home/bajoshi/Documents/roman_slitless_sims_seds/bc03_template_z1p344_ms10p61_age3p220_tau12p765_met0p0200_av2p410.txt
584 /home/bajoshi/Documents/roman_slitless_sims_seds/bc03_template_z0p666_ms10p85_age6p005_tau8p595_met0p0200_av0p041.txt
585 /home/bajoshi/Documents/roman_slitless_sims_seds/bc03_template_z0p593_ms10p44_age3p845_tau9p280_met0p0200_av4p519.txt
586 /home/bajoshi/Documents/roman_slitless_sims_seds/bc03_template_z0p409_ms10p14_age4p425_tau5p765_met0p0200_av4p919.txt
587 /home/bajoshi/Documents/roman_slitless_sims_seds/bc03_template_z0p876_ms10p79_age2p875_tau12p625_met0p0200_av1p076.txt
588 /home/bajoshi/Documents/roman_slitless_sims_seds/bc03_template_z0p953_ms10p12_age2p320_tau3p380_met0p0200_av3p138.txt
589 /home/bajoshi/Documents/roman_slitless_sims_seds/bc03_template_z1p301_ms10p33_age1p775_tau14p710_met0p0200_av0p150.txt
590 /home/bajoshi/Documents/roman_slitless_sims_seds/bc03_template_z1p307_ms11p08_age2p535_tau12p895_met0p0200_av1p864.txt
591 /home/bajoshi/Documents/roman_slitless_sims_seds/bc03_template_z0p258_ms10p14_age6p690_tau2p270_met0p0200_av1p859.txt
592 /home/bajoshi/Documents/roman_slitless_sims_seds/bc03_template_z0p477_ms11p14_age3p090_tau9p825_met0p0200_av0p338.txt
593 /home/bajoshi/Documents/roman_slitless_sims_seds/bc03_template_z0p956_ms11p14_age1p480_tau8p405_met0p0200_av1p947.txt
594 /home/bajoshi/Documents/roman_slitless_sims_seds/bc03_template_z0p641_ms10p65_age1p560_tau9p535_met0p0200_av3p268.txt
595 /home/bajoshi/Documents/roman_slitless_sims_seds/bc03_template_z0p838_ms11p26_age3p875_tau0p910_met0p0200_av2p808.txt
596 /home/bajoshi/Documents/roman_slitless_sims_seds/bc03_template_z1p152_ms10p59_age0p770_tau5p020_met0p0200_av0p726.txt
597 /home/bajoshi/Documents/roman_slitless_sims_seds/bc03_template_z1p022_ms10p82_age1p415_tau5p690_met0p0200_av3p450.txt
598 /home/bajoshi/Documents/roman_slitless_sims_seds/bc03_template_z0p954_ms11p23_age1p940_tau0p090_met0p0200_av1p682.txt
599 /home/bajoshi/Documents/roman_slitless_sims_seds/bc03_template_z0p515_ms10p00_age6p545_tau3p225_met0p0200_av3p912.txt
600 /home/bajoshi/Documents/roman_slitless_sims_seds/bc03_template_z0p588_ms11p38_age2p540_tau2p750_met0p0200_av2p162.txt
601 /home/bajoshi/Documents/roman_slitless_sims_seds/bc03_template_z1p112_ms10p20_age4p625_tau7p990_met0p0200_av1p554.txt
602 /home/bajoshi/Documents/roman_slitless_sims_seds/bc03_template_z1p174_ms10p53_age2p645_tau4p250_met0p0200_av1p189.txt
603 /home/bajoshi/Documents/roman_slitless_sims_seds/bc03_template_z0p811_ms11p14_age6p110_tau13p170_met0p0200_av0p136.txt
604 /home/bajoshi/Documents/roman_slitless_sims_seds/bc03_template_z0p700_ms10p12_age2p465_tau11p560_met0p0200_av3p192.txt
605 /home/bajoshi/Documents/roman_slitless_sims_seds/bc03_template_z0p953_ms10p47_age3p480_tau11p540_met0p0200_av3p464.txt
606 /home/bajoshi/Documents/roman_slitless_sims_seds/bc03_template_z0p530_ms10p82_age3p755_tau7p845_met0p0200_av0p998.txt
607 /home/bajoshi/Documents/roman_slitless_sims_seds/bc03_template_z0p334_ms11p06_age3p640_tau11p190_met0p0200_av4p487.txt
608 /home/bajoshi/Documents/roman_slitless_sims_seds/bc03_template_z1p777_ms10p08_age1p990_tau14p600_met0p0200_av3p017.txt
609 /home/bajoshi/Documents/roman_slitless_sims_seds/bc03_template_z1p144_ms10p50_age2p300_tau7p660_met0p0200_av2p590.txt
610 /home/bajoshi/Documents/roman_slitless_sims_seds/bc03_template_z0p783_ms11p14_age3p915_tau6p280_met0p0200_av3p176.txt
611 /home/bajoshi/Documents/roman_slitless_sims_seds/bc03_template_z1p121_ms11p32_age3p925_tau7p315_met0p0200_av0p424.txt
612 /home/bajoshi/Documents/roman_slitless_sims_seds/bc03_template_z0p223_ms10p50_age0p330_tau14p030_met0p0200_av0p532.txt
613 /home/bajoshi/Documents/roman_slitless_sims_seds/bc03_template_z1p152_ms10p50_age2p830_tau14p000_met0p0200_av3p017.txt
614 /home/bajoshi/Documents/roman_slitless_sims_seds/bc03_template_z0p689_ms10p30_age1p835_tau6p900_met0p0200_av4p706.txt
615 /home/bajoshi/Documents/roman_slitless_sims_seds/bc03_template_z0p697_ms11p24_age1p825_tau9p835_met0p0200_av0p486.txt
616 /home/bajoshi/Documents/roman_slitless_sims_seds/bc03_template_z1p665_ms11p09_age3p630_tau7p450_met0p0200_av0p903.txt
617 /home/bajoshi/Documents/roman_slitless_sims_seds/bc03_template_z0p686_ms10p85_age3p970_tau14p540_met0p0200_av4p923.txt
618 /home/bajoshi/Documents/roman_slitless_sims_seds/bc03_template_z0p850_ms10p12_age4p790_tau8p865_met0p0200_av1p125.txt
619 /home/bajoshi/Documents/roman_slitless_sims_seds/bc03_template_z0p679_ms10p33_age6p030_tau2p720_met0p0200_av0p929.txt
620 /home/bajoshi/Documents/roman_slitless_sims_seds/bc03_template_z0p610_ms11p26_age4p165_tau0p415_met0p0200_av3p869.txt
621 /home/bajoshi/Documents/roman_slitless_sims_seds/bc03_template_z0p900_ms10p98_age3p730_tau10p170_met0p0200_av2p746.txt
622 /home/bajoshi/Documents/roman_slitless_sims_seds/bc03_template_z0p132_ms10p76_age11p345_tau1p235_met0p0200_av0p197.txt
623 /home/bajoshi/Documents/roman_slitless_sims_seds/bc03_template_z0p742_ms10p44_age4p760_tau11p920_met0p0200_av0p051.txt
624 /home/bajoshi/Documents/roman_slitless_sims_seds/bc03_template_z1p084_ms11p42_age4p350_tau13p835_met0p0200_av1p797.txt
625 /home/bajoshi/Documents/roman_slitless_sims_seds/bc03_template_z1p081_ms10p20_age1p280_tau12p995_met0p0200_av0p024.txt
626 /home/bajoshi/Documents/roman_slitless_sims_seds/salt2_spec_day27_z0p229_av4p974.txt
627 /home/bajoshi/Documents/roman_slitless_sims_seds/bc03_template_z1p844_ms11p29_age3p030_tau12p030_met0p0200_av3p407.txt
628 /home/bajoshi/Documents/roman_slitless_sims_seds/bc03_template_z1p066_ms10p45_age1p955_tau12p795_met0p0200_av2p661.txt
629 /home/bajoshi/Documents/roman_slitless_sims_seds/bc03_template_z0p734_ms11p30_age6p155_tau14p255_met0p0200_av4p251.txt
630 /home/bajoshi/Documents/roman_slitless_sims_seds/bc03_template_z0p558_ms10p27_age3p115_tau7p840_met0p0200_av2p341.txt
631 /home/bajoshi/Documents/roman_slitless_sims_seds/bc03_template_z0p330_ms10p55_age4p745_tau1p320_met0p0200_av2p898.txt
632 /home/bajoshi/Documents/roman_slitless_sims_seds/bc03_template_z0p720_ms11p33_age1p995_tau5p850_met0p0200_av0p677.txt
633 /home/bajoshi/Documents/roman_slitless_sims_seds/bc03_template_z1p210_ms10p59_age1p270_tau12p105_met0p0200_av2p854.txt
634 /home/bajoshi/Documents/roman_slitless_sims_seds/bc03_template_z1p050_ms10p53_age4p010_tau4p545_met0p0200_av3p731.txt
635 /home/bajoshi/Documents/roman_slitless_sims_seds/bc03_template_z0p217_ms10p59_age0p935_tau9p475_met0p0200_av2p618.txt
636 /home/bajoshi/Documents/roman_slitless_sims_seds/bc03_template_z0p645_ms10p59_age3p405_tau12p135_met0p0200_av1p221.txt
637 /home/bajoshi/Documents/roman_slitless_sims_seds/bc03_template_z0p847_ms11p02_age2p870_tau9p830_met0p0200_av2p599.txt
638 /home/bajoshi/Documents/roman_slitless_sims_seds/bc03_template_z0p823_ms10p45_age0p610_tau10p060_met0p0200_av1p146.txt
639 /home/bajoshi/Documents/roman_slitless_sims_seds/bc03_template_z0p324_ms10p42_age6p965_tau12p645_met0p0200_av0p978.txt
640 /home/bajoshi/Documents/roman_slitless_sims_seds/bc03_template_z0p920_ms10p09_age4p270_tau10p305_met0p0200_av0p168.txt
641 /home/bajoshi/Documents/roman_slitless_sims_seds/bc03_template_z1p028_ms11p03_age2p460_tau6p560_met0p0200_av3p493.txt
642 /home/bajoshi/Documents/roman_slitless_sims_seds/bc03_template_z0p779_ms10p71_age4p620_tau12p030_met0p0200_av2p193.txt
643 /home/bajoshi/Documents/roman_slitless_sims_seds/bc03_template_z1p344_ms10p23_age2p585_tau2p890_met0p0200_av2p526.txt
644 /home/bajoshi/Documents/roman_slitless_sims_seds/bc03_template_z0p684_ms10p98_age4p535_tau1p770_met0p0200_av4p711.txt
645 /home/bajoshi/Documents/roman_slitless_sims_seds/bc03_template_z1p595_ms10p24_age3p275_tau14p055_met0p0200_av3p208.txt
646 /home/bajoshi/Documents/roman_slitless_sims_seds/bc03_template_z0p384_ms11p42_age1p440_tau12p390_met0p0200_av3p653.txt
647 /home/bajoshi/Documents/roman_slitless_sims_seds/bc03_template_z1p079_ms10p97_age4p510_tau11p035_met0p0200_av2p504.txt
648 /home/bajoshi/Documents/roman_slitless_sims_seds/bc03_template_z0p492_ms10p62_age3p910_tau11p515_met0p0200_av3p643.txt
649 /home/bajoshi/Documents/roman_slitless_sims_seds/bc03_template_z0p680_ms10p52_age3p135_tau0p800_met0p0200_av0p869.txt
650 /home/bajoshi/Documents/roman_slitless_sims_seds/bc03_template_z1p037_ms10p12_age1p705_tau7p010_met0p0200_av2p447.txt
651 /home/bajoshi/Documents/roman_slitless_sims_seds/bc03_template_z0p453_ms11p15_age1p395_tau12p675_met0p0200_av0p807.txt
653 /home/bajoshi/Documents/roman_slitless_sims_seds/bc03_template_z0p588_ms10p71_age6p270_tau8p480_met0p0200_av1p056.txt
654 /home/bajoshi/Documents/roman_slitless_sims_seds/bc03_template_z0p865_ms10p53_age6p185_tau3p135_met0p0200_av1p684.txt
655 /home/bajoshi/Documents/roman_slitless_sims_seds/bc03_template_z0p238_ms10p48_age6p145_tau3p545_met0p0200_av3p594.txt
656 /home/bajoshi/Documents/roman_slitless_sims_seds/bc03_template_z0p980_ms10p20_age3p640_tau8p390_met0p0200_av0p224.txt
657 /home/bajoshi/Documents/roman_slitless_sims_seds/bc03_template_z0p548_ms10p50_age7p715_tau11p195_met0p0200_av4p765.txt
658 /home/bajoshi/Documents/roman_slitless_sims_seds/bc03_template_z0p510_ms10p08_age7p110_tau11p620_met0p0200_av4p014.txt
659 /home/bajoshi/Documents/roman_slitless_sims_seds/bc03_template_z0p880_ms10p86_age2p855_tau14p190_met0p0200_av0p365.txt
660 /home/bajoshi/Documents/roman_slitless_sims_seds/bc03_template_z0p431_ms10p26_age6p570_tau7p175_met0p0200_av4p810.txt
661 /home/bajoshi/Documents/roman_slitless_sims_seds/bc03_template_z0p587_ms11p00_age3p430_tau11p815_met0p0200_av3p765.txt
662 /home/bajoshi/Documents/roman_slitless_sims_seds/bc03_template_z1p793_ms11p24_age0p595_tau9p960_met0p0200_av1p973.txt
663 /home/bajoshi/Documents/roman_slitless_sims_seds/bc03_template_z0p105_ms11p17_age8p910_tau7p760_met0p0200_av3p359.txt
664 /home/bajoshi/Documents/roman_slitless_sims_seds/bc03_template_z0p465_ms11p12_age1p425_tau10p125_met0p0200_av2p886.txt
665 /home/bajoshi/Documents/roman_slitless_sims_seds/bc03_template_z0p212_ms10p41_age6p020_tau10p645_met0p0200_av3p832.txt
666 /home/bajoshi/Documents/roman_slitless_sims_seds/bc03_template_z0p403_ms10p14_age1p645_tau0p500_met0p0200_av4p667.txt
667 /home/bajoshi/Documents/roman_slitless_sims_seds/bc03_template_z0p350_ms10p67_age5p175_tau10p185_met0p0200_av0p251.txt
668 /home/bajoshi/Documents/roman_slitless_sims_seds/bc03_template_z0p700_ms11p09_age6p895_tau10p545_met0p0200_av0p659.txt
669 /home/bajoshi/Documents/roman_slitless_sims_seds/bc03_template_z0p419_ms11p38_age3p920_tau2p385_met0p0200_av1p069.txt
670 /home/bajoshi/Documents/roman_slitless_sims_seds/bc03_template_z0p637_ms10p11_age4p750_tau5p595_met0p0200_av0p796.txt
671 /home/bajoshi/Documents/roman_slitless_sims_seds/bc03_template_z1p041_ms11p08_age3p505_tau11p255_met0p0200_av3p978.txt
673 /home/bajoshi/Documents/roman_slitless_sims_seds/bc03_template_z0p690_ms10p08_age0p845_tau2p535_met0p0200_av2p906.txt
674 /home/bajoshi/Documents/roman_slitless_sims_seds/bc03_template_z0p922_ms11p29_age5p920_tau4p465_met0p0200_av0p380.txt
675 /home/bajoshi/Documents/roman_slitless_sims_seds/bc03_template_z0p638_ms11p41_age6p710_tau4p940_met0p0200_av0p769.txt
676 /home/bajoshi/Documents/roman_slitless_sims_seds/bc03_template_z0p720_ms10p23_age4p255_tau5p500_met0p0200_av0p892.txt
677 /home/bajoshi/Documents/roman_slitless_sims_seds/bc03_template_z0p957_ms10p92_age1p875_tau7p490_met0p0200_av3p009.txt
678 /home/bajoshi/Documents/roman_slitless_sims_seds/salt2_spec_day21_z0p662_av0p772.txt
679 /home/bajoshi/Documents/roman_slitless_sims_seds/bc03_template_z0p805_ms10p44_age4p245_tau0p230_met0p0200_av1p940.txt
680 /home/bajoshi/Documents/roman_slitless_sims_seds/bc03_template_z0p377_ms11p06_age1p315_tau12p635_met0p0200_av2p449.txt
681 /home/bajoshi/Documents/roman_slitless_sims_seds/bc03_template_z0p462_ms11p18_age5p755_tau7p630_met0p0200_av3p664.txt
682 /home/bajoshi/Documents/roman_slitless_sims_seds/bc03_template_z0p212_ms11p11_age9p730_tau1p980_met0p0200_av2p913.txt
683 /home/bajoshi/Documents/roman_slitless_sims_seds/bc03_template_z0p882_ms10p68_age5p340_tau10p005_met0p0200_av4p636.txt
684 /home/bajoshi/Documents/roman_slitless_sims_seds/bc03_template_z0p123_ms10p27_age7p355_tau6p390_met0p0200_av0p822.txt
685 /home/bajoshi/Documents/roman_slitless_sims_seds/bc03_template_z0p908_ms11p00_age3p080_tau8p775_met0p0200_av3p215.txt
686 /home/bajoshi/Documents/roman_slitless_sims_seds/bc03_template_z0p080_ms10p14_age7p045_tau4p970_met0p0200_av3p537.txt
687 /home/bajoshi/Documents/roman_slitless_sims_seds/bc03_template_z0p730_ms10p20_age0p760_tau5p305_met0p0200_av0p525.txt
688 /home/bajoshi/Documents/roman_slitless_sims_seds/bc03_template_z0p721_ms10p32_age1p720_tau13p520_met0p0200_av0p018.txt
689 /home/bajoshi/Documents/roman_slitless_sims_seds/bc03_template_z0p296_ms11p06_age9p650_tau11p425_met0p0200_av0p980.txt
691 /home/bajoshi/Documents/roman_slitless_sims_seds/bc03_template_z1p407_ms11p29_age3p035_tau5p365_met0p0200_av1p142.txt
692 /home/bajoshi/Documents/roman_slitless_sims_seds/bc03_template_z0p738_ms11p03_age1p895_tau12p940_met0p0200_av1p262.txt
693 /home/bajoshi/Documents/roman_slitless_sims_seds/bc03_template_z0p431_ms10p02_age2p980_tau9p930_met0p0200_av3p497.txt
694 /home/bajoshi/Documents/roman_slitless_sims_seds/bc03_template_z1p218_ms10p89_age3p540_tau0p385_met0p0200_av1p142.txt
695 /home/bajoshi/Documents/roman_slitless_sims_seds/bc03_template_z0p404_ms11p45_age7p595_tau4p800_met0p0200_av0p714.txt
696 /home/bajoshi/Documents/roman_slitless_sims_seds/salt2_spec_day-1_z2p340_av2p552.txt
697 /home/bajoshi/Documents/roman_slitless_sims_seds/bc03_template_z0p885_ms10p56_age3p775_tau3p080_met0p0200_av3p288.txt
698 /home/bajoshi/Documents/roman_slitless_sims_seds/bc03_template_z0p714_ms11p45_age1p570_tau5p855_met0p0200_av4p257.txt
699 /home/bajoshi/Documents/roman_slitless_sims_seds/bc03_template_z0p878_ms10p85_age2p605_tau8p780_met0p0200_av3p484.txt
700 /home/bajoshi/Documents/roman_slitless_sims_seds/bc03_template_z0p536_ms11p11_age4p560_tau9p560_met0p0200_av4p105.txt
701 /home/bajoshi/Documents/roman_slitless_sims_seds/bc03_template_z0p722_ms11p03_age1p940_tau5p070_met0p0200_av4p074.txt
702 /home/bajoshi/Documents/roman_slitless_sims_seds/bc03_template_z0p508_ms11p00_age0p225_tau4p745_met0p0200_av3p778.txt
703 /home/bajoshi/Documents/roman_slitless_sims_seds/bc03_template_z0p929_ms10p32_age3p540_tau10p835_met0p0200_av1p842.txt
704 /home/bajoshi/Documents/roman_slitless_sims_seds/bc03_template_z0p296_ms10p94_age6p200_tau7p580_met0p0200_av2p964.txt
705 /home/bajoshi/Documents/roman_slitless_sims_seds/bc03_template_z0p324_ms11p42_age5p035_tau11p235_met0p0200_av4p418.txt
706 /home/bajoshi/Documents/roman_slitless_sims_seds/bc03_template_z1p030_ms10p15_age2p330_tau0p495_met0p0200_av2p120.txt
707 /home/bajoshi/Documents/roman_slitless_sims_seds/bc03_template_z0p564_ms10p00_age4p970_tau4p350_met0p0200_av0p428.txt
708 /home/bajoshi/Documents/roman_slitless_sims_seds/bc03_template_z0p800_ms10p74_age0p215_tau2p550_met0p0200_av2p493.txt
709 /home/bajoshi/Documents/roman_slitless_sims_seds/bc03_template_z0p903_ms10p35_age4p315_tau2p560_met0p0200_av0p404.txt
710 /home/bajoshi/Documents/roman_slitless_sims_seds/bc03_template_z0p426_ms10p35_age6p385_tau14p845_met0p0200_av4p573.txt
711 /home/bajoshi/Documents/roman_slitless_sims_seds/bc03_template_z0p660_ms11p48_age3p920_tau7p685_met0p0200_av4p245.txt
712 /home/bajoshi/Documents/roman_slitless_sims_seds/bc03_template_z0p503_ms10p88_age4p295_tau6p500_met0p0200_av4p885.txt
713 /home/bajoshi/Documents/roman_slitless_sims_seds/bc03_template_z0p850_ms10p89_age2p600_tau2p095_met0p0200_av4p907.txt
714 /home/bajoshi/Documents/roman_slitless_sims_seds/bc03_template_z1p606_ms10p26_age0p805_tau7p685_met0p0200_av4p512.txt
715 /home/bajoshi/Documents/roman_slitless_sims_seds/bc03_template_z0p443_ms11p30_age1p255_tau4p795_met0p0200_av1p689.txt
716 /home/bajoshi/Documents/roman_slitless_sims_seds/bc03_template_z0p840_ms10p61_age5p730_tau3p875_met0p0200_av0p263.txt
717 /home/bajoshi/Documents/roman_slitless_sims_seds/bc03_template_z0p771_ms10p18_age5p705_tau8p300_met0p0200_av0p789.txt
718 /home/bajoshi/Documents/roman_slitless_sims_seds/bc03_template_z0p700_ms11p09_age2p980_tau4p140_met0p0200_av2p679.txt
719 /home/bajoshi/Documents/roman_slitless_sims_seds/bc03_template_z1p124_ms11p45_age4p345_tau1p130_met0p0200_av2p007.txt
720 /home/bajoshi/Documents/roman_slitless_sims_seds/bc03_template_z1p097_ms11p33_age1p110_tau4p415_met0p0200_av2p613.txt
721 /home/bajoshi/Documents/roman_slitless_sims_seds/bc03_template_z0p469_ms10p65_age1p215_tau11p550_met0p0200_av2p102.txt
722 /home/bajoshi/Documents/roman_slitless_sims_seds/bc03_template_z0p915_ms10p35_age5p245_tau9p590_met0p0200_av0p537.txt
723 /home/bajoshi/Documents/roman_slitless_sims_seds/bc03_template_z0p490_ms10p36_age2p745_tau5p135_met0p0200_av0p336.txt
724 /home/bajoshi/Documents/roman_slitless_sims_seds/bc03_template_z0p890_ms11p00_age1p090_tau5p975_met0p0200_av4p094.txt
725 /home/bajoshi/Documents/roman_slitless_sims_seds/bc03_template_z0p576_ms10p82_age4p910_tau1p505_met0p0200_av1p294.txt
726 /home/bajoshi/Documents/roman_slitless_sims_seds/bc03_template_z0p850_ms10p64_age3p895_tau13p945_met0p0200_av1p890.txt
727 /home/bajoshi/Documents/roman_slitless_sims_seds/bc03_template_z3p389_ms11p27_age1p655_tau0p275_met0p0200_av2p995.txt
728 /home/bajoshi/Documents/roman_slitless_sims_seds/bc03_template_z0p910_ms10p18_age3p490_tau14p890_met0p0200_av2p111.txt
729 /home/bajoshi/Documents/roman_slitless_sims_seds/bc03_template_z0p774_ms11p14_age4p025_tau2p260_met0p0200_av4p883.txt
730 /home/bajoshi/Documents/roman_slitless_sims_seds/bc03_template_z1p180_ms10p73_age3p885_tau2p520_met0p0200_av2p880.txt
731 /home/bajoshi/Documents/roman_slitless_sims_seds/bc03_template_z0p646_ms10p39_age7p185_tau7p760_met0p0200_av0p988.txt
732 /home/bajoshi/Documents/roman_slitless_sims_seds/bc03_template_z0p418_ms11p15_age2p965_tau5p825_met0p0200_av3p925.txt
733 /home/bajoshi/Documents/roman_slitless_sims_seds/bc03_template_z0p514_ms10p95_age2p190_tau3p280_met0p0200_av2p519.txt
734 /home/bajoshi/Documents/roman_slitless_sims_seds/salt2_spec_day1_z0p539_av1p659.txt
735 /home/bajoshi/Documents/roman_slitless_sims_seds/bc03_template_z1p218_ms11p00_age2p265_tau4p800_met0p0200_av3p529.txt
736 /home/bajoshi/Documents/roman_slitless_sims_seds/bc03_template_z0p320_ms10p92_age0p520_tau11p735_met0p0200_av1p488.txt
737 /home/bajoshi/Documents/roman_slitless_sims_seds/bc03_template_z0p772_ms10p70_age2p040_tau14p515_met0p0200_av3p313.txt
738 /home/bajoshi/Documents/roman_slitless_sims_seds/bc03_template_z0p961_ms11p17_age3p360_tau8p630_met0p0200_av0p787.txt
739 /home/bajoshi/Documents/roman_slitless_sims_seds/bc03_template_z0p746_ms11p42_age4p585_tau12p345_met0p0200_av1p426.txt
740 /home/bajoshi/Documents/roman_slitless_sims_seds/bc03_template_z1p199_ms10p08_age3p615_tau6p965_met0p0200_av3p959.txt
741 /home/bajoshi/Documents/roman_slitless_sims_seds/bc03_template_z0p776_ms11p11_age3p510_tau9p590_met0p0200_av1p369.txt
742 /home/bajoshi/Documents/roman_slitless_sims_seds/bc03_template_z1p305_ms11p47_age1p935_tau2p785_met0p0200_av0p751.txt
743 /home/bajoshi/Documents/roman_slitless_sims_seds/bc03_template_z0p450_ms10p98_age6p395_tau12p825_met0p0200_av4p511.txt
744 /home/bajoshi/Documents/roman_slitless_sims_seds/bc03_template_z1p158_ms11p08_age3p820_tau13p190_met0p0200_av0p176.txt
745 /home/bajoshi/Documents/roman_slitless_sims_seds/bc03_template_z1p360_ms10p29_age1p610_tau7p340_met0p0200_av4p002.txt
746 /home/bajoshi/Documents/roman_slitless_sims_seds/bc03_template_z0p753_ms10p30_age5p045_tau9p085_met0p0200_av3p248.txt
747 /home/bajoshi/Documents/roman_slitless_sims_seds/bc03_template_z0p967_ms11p02_age3p690_tau11p365_met0p0200_av4p571.txt
748 /home/bajoshi/Documents/roman_slitless_sims_seds/bc03_template_z1p013_ms10p03_age2p545_tau14p930_met0p0200_av2p005.txt
749 /home/bajoshi/Documents/roman_slitless_sims_seds/bc03_template_z0p324_ms11p00_age7p580_tau9p805_met0p0200_av3p619.txt
750 /home/bajoshi/Documents/roman_slitless_sims_seds/bc03_template_z1p140_ms10p33_age2p930_tau6p875_met0p0200_av1p899.txt
751 /home/bajoshi/Documents/roman_slitless_sims_seds/bc03_template_z0p566_ms10p55_age2p625_tau3p290_met0p0200_av4p549.txt
752 /home/bajoshi/Documents/roman_slitless_sims_seds/bc03_template_z0p850_ms10p24_age4p015_tau6p470_met0p0200_av1p410.txt
753 /home/bajoshi/Documents/roman_slitless_sims_seds/bc03_template_z0p512_ms11p20_age1p440_tau10p680_met0p0200_av3p065.txt
754 /home/bajoshi/Documents/roman_slitless_sims_seds/bc03_template_z1p065_ms11p03_age2p990_tau3p420_met0p0200_av2p884.txt
755 /home/bajoshi/Documents/roman_slitless_sims_seds/bc03_template_z0p687_ms11p30_age3p185_tau12p370_met0p0200_av0p845.txt
756 /home/bajoshi/Documents/roman_slitless_sims_seds/bc03_template_z0p438_ms10p58_age1p540_tau11p815_met0p0200_av1p881.txt
757 /home/bajoshi/Documents/roman_slitless_sims_seds/bc03_template_z0p989_ms10p32_age5p595_tau8p545_met0p0200_av1p050.txt
758 /home/bajoshi/Documents/roman_slitless_sims_seds/bc03_template_z0p100_ms10p77_age7p415_tau11p105_met0p0200_av2p916.txt
759 /home/bajoshi/Documents/roman_slitless_sims_seds/bc03_template_z0p853_ms10p24_age4p055_tau2p500_met0p0200_av1p416.txt
760 /home/bajoshi/Documents/roman_slitless_sims_seds/bc03_template_z0p232_ms10p09_age7p430_tau11p095_met0p0200_av0p538.txt
761 /home/bajoshi/Documents/roman_slitless_sims_seds/bc03_template_z0p535_ms11p03_age7p350_tau6p190_met0p0200_av3p538.txt
762 /home/bajoshi/Documents/roman_slitless_sims_seds/bc03_template_z0p330_ms10p45_age2p385_tau5p030_met0p0200_av1p997.txt
763 /home/bajoshi/Documents/roman_slitless_sims_seds/bc03_template_z1p337_ms11p35_age0p580_tau0p335_met0p0200_av4p027.txt
764 /home/bajoshi/Documents/roman_slitless_sims_seds/bc03_template_z0p940_ms11p41_age5p030_tau2p350_met0p0200_av4p565.txt
765 /home/bajoshi/Documents/roman_slitless_sims_seds/bc03_template_z1p521_ms10p47_age1p985_tau8p385_met0p0200_av4p310.txt
766 /home/bajoshi/Documents/roman_slitless_sims_seds/bc03_template_z1p010_ms11p47_age1p890_tau11p750_met0p0200_av2p723.txt
767 /home/bajoshi/Documents/roman_slitless_sims_seds/bc03_template_z0p761_ms10p17_age4p385_tau5p195_met0p0200_av1p679.txt
768 /home/bajoshi/Documents/roman_slitless_sims_seds/bc03_template_z0p470_ms11p06_age0p505_tau4p685_met0p0200_av0p712.txt
769 /home/bajoshi/Documents/roman_slitless_sims_seds/bc03_template_z0p730_ms10p79_age3p530_tau10p375_met0p0200_av1p977.txt
770 /home/bajoshi/Documents/roman_slitless_sims_seds/bc03_template_z0p962_ms10p95_age4p035_tau10p360_met0p0200_av0p691.txt
771 /home/bajoshi/Documents/roman_slitless_sims_seds/bc03_template_z0p600_ms10p82_age5p945_tau7p395_met0p0200_av4p264.txt
772 /home/bajoshi/Documents/roman_slitless_sims_seds/bc03_template_z0p454_ms11p39_age7p330_tau6p535_met0p0200_av3p790.txt
773 /home/bajoshi/Documents/roman_slitless_sims_seds/bc03_template_z0p671_ms11p11_age2p200_tau7p985_met0p0200_av2p233.txt
774 /home/bajoshi/Documents/roman_slitless_sims_seds/bc03_template_z1p174_ms10p08_age1p250_tau5p085_met0p0200_av0p487.txt
775 /home/bajoshi/Documents/roman_slitless_sims_seds/bc03_template_z0p502_ms10p94_age3p600_tau5p685_met0p0200_av4p740.txt
776 /home/bajoshi/Documents/roman_slitless_sims_seds/bc03_template_z1p220_ms10p21_age3p110_tau13p620_met0p0200_av0p928.txt
777 /home/bajoshi/Documents/roman_slitless_sims_seds/bc03_template_z1p115_ms11p44_age3p455_tau12p085_met0p0200_av2p690.txt
778 /home/bajoshi/Documents/roman_slitless_sims_seds/bc03_template_z0p380_ms11p18_age0p780_tau10p485_met0p0200_av1p297.txt
779 /home/bajoshi/Documents/roman_slitless_sims_seds/bc03_template_z0p769_ms10p08_age2p300_tau6p210_met0p0200_av3p695.txt
780 /home/bajoshi/Documents/roman_slitless_sims_seds/bc03_template_z0p377_ms10p95_age2p035_tau8p770_met0p0200_av3p482.txt
781 /home/bajoshi/Documents/roman_slitless_sims_seds/bc03_template_z0p431_ms10p71_age0p585_tau9p850_met0p0200_av0p131.txt
782 /home/bajoshi/Documents/roman_slitless_sims_seds/bc03_template_z1p669_ms10p08_age3p705_tau10p460_met0p0200_av3p583.txt
783 /home/bajoshi/Documents/roman_slitless_sims_seds/bc03_template_z0p695_ms10p82_age1p510_tau9p280_met0p0200_av3p665.txt
784 /home/bajoshi/Documents/roman_slitless_sims_seds/bc03_template_z0p845_ms11p42_age4p085_tau8p990_met0p0200_av0p857.txt
785 /home/bajoshi/Documents/roman_slitless_sims_seds/bc03_template_z0p271_ms11p12_age8p345_tau3p905_met0p0200_av3p838.txt
786 /home/bajoshi/Documents/roman_slitless_sims_seds/bc03_template_z0p635_ms11p42_age2p360_tau0p335_met0p0200_av4p438.txt
787 /home/bajoshi/Documents/roman_slitless_sims_seds/bc03_template_z1p065_ms10p44_age0p390_tau3p885_met0p0200_av0p272.txt
788 /home/bajoshi/Documents/roman_slitless_sims_seds/bc03_template_z0p848_ms10p55_age0p730_tau5p955_met0p0200_av4p826.txt
789 /home/bajoshi/Documents/roman_slitless_sims_seds/bc03_template_z0p477_ms11p11_age7p885_tau8p805_met0p0200_av4p283.txt
790 /home/bajoshi/Documents/roman_slitless_sims_seds/bc03_template_z0p622_ms11p03_age5p755_tau8p800_met0p0200_av3p196.txt
791 /home/bajoshi/Documents/roman_slitless_sims_seds/bc03_template_z1p428_ms10p67_age2p490_tau1p835_met0p0200_av3p290.txt
792 /home/bajoshi/Documents/roman_slitless_sims_seds/bc03_template_z1p304_ms10p26_age0p390_tau13p045_met0p0200_av0p874.txt
793 /home/bajoshi/Documents/roman_slitless_sims_seds/bc03_template_z0p778_ms10p95_age1p555_tau10p670_met0p0200_av1p353.txt
794 /home/bajoshi/Documents/roman_slitless_sims_seds/bc03_template_z0p204_ms11p38_age4p060_tau11p730_met0p0200_av4p503.txt
795 /home/bajoshi/Documents/roman_slitless_sims_seds/bc03_template_z0p853_ms11p02_age5p905_tau9p990_met0p0200_av2p166.txt
796 /home/bajoshi/Documents/roman_slitless_sims_seds/bc03_template_z0p302_ms10p20_age6p465_tau0p545_met0p0200_av3p292.txt
797 /home/bajoshi/Documents/roman_slitless_sims_seds/bc03_template_z0p830_ms11p20_age0p840_tau4p190_met0p0200_av0p423.txt
798 /home/bajoshi/Documents/roman_slitless_sims_seds/bc03_template_z0p535_ms11p48_age2p825_tau7p835_met0p0200_av0p110.txt
799 /home/bajoshi/Documents/roman_slitless_sims_seds/bc03_template_z0p668_ms10p24_age2p625_tau9p970_met0p0200_av1p248.txt
800 /home/bajoshi/Documents/roman_slitless_sims_seds/bc03_template_z0p232_ms11p05_age0p165_tau6p420_met0p0200_av1p552.txt
801 /home/bajoshi/Documents/roman_slitless_sims_seds/bc03_template_z0p540_ms11p42_age7p505_tau1p135_met0p0200_av0p834.txt
802 /home/bajoshi/Documents/roman_slitless_sims_seds/bc03_template_z0p856_ms10p30_age3p210_tau6p955_met0p0200_av0p290.txt
803 /home/bajoshi/Documents/roman_slitless_sims_seds/bc03_template_z0p740_ms11p09_age2p505_tau0p080_met0p0200_av4p415.txt
804 /home/bajoshi/Documents/roman_slitless_sims_seds/bc03_template_z0p791_ms10p92_age5p380_tau6p015_met0p0200_av3p111.txt
805 /home/bajoshi/Documents/roman_slitless_sims_seds/bc03_template_z0p640_ms10p23_age4p930_tau13p060_met0p0200_av1p488.txt
806 /home/bajoshi/Documents/roman_slitless_sims_seds/bc03_template_z1p182_ms10p41_age4p080_tau10p760_met0p0200_av0p418.txt
807 /home/bajoshi/Documents/roman_slitless_sims_seds/bc03_template_z0p869_ms10p88_age0p300_tau0p455_met0p0200_av4p791.txt
808 /home/bajoshi/Documents/roman_slitless_sims_seds/bc03_template_z0p845_ms10p61_age6p085_tau9p110_met0p0200_av2p664.txt
809 /home/bajoshi/Documents/roman_slitless_sims_seds/bc03_template_z1p038_ms10p50_age3p425_tau12p825_met0p0200_av2p101.txt
